2025-06-30 16:23:31,067 - __main__ - INFO - Base de datos configurada correctamente
2025-06-30 16:23:31,081 - __main__ - INFO - Iniciando sistema de producción...
2025-06-30 16:23:31,112 - __main__ - INFO - Iniciando servicios del sistema de producción
2025-06-30 16:23:31,113 - __main__ - INFO - Procesador de datos iniciado
2025-06-30 16:23:31,114 - __main__ - INFO - Iniciando servidor Modbus en 0.0.0.0:502
2025-06-30 16:23:31,115 - pymodbus.logging - INFO - Server listening.
2025-06-30 16:23:55,971 - __main__ - INFO - PLC escribió en dirección 1: [1, 1, 100, 90, 10, 1, 0, 2500, 101, 1]
2025-06-30 16:24:00,115 - __main__ - INFO - PLC escribió en dirección 1: [1, 1, 1, 1, 0, 1, 0, 2264, 100, 1]
2025-06-30 16:24:00,115 - __main__ - INFO - PLC escribió en dirección 21: [1, 1, 0, 1, 8433, 1, 192, 0, 0, 2]
2025-06-30 16:24:00,116 - __main__ - INFO - PLC escribió en dirección 41: [257, 257, 40, 45, 867, 13, 290, 84, 0, 0]
2025-06-30 16:24:02,630 - __main__ - INFO - PLC escribió en dirección 1: [1, 1, 2, 2, 0, 1, 0, 2309, 100, 1]
2025-06-30 16:24:02,630 - __main__ - INFO - PLC escribió en dirección 21: [1, 1, 0, 1, 7169, 1, 91, 0, 0, 2]
2025-06-30 16:24:02,631 - __main__ - INFO - PLC escribió en dirección 41: [240, 240, 40, 45, 820, 24, 201, 89, 0, 0]
2025-06-30 16:24:05,142 - __main__ - INFO - PLC escribió en dirección 1: [1, 1, 3, 3, 0, 1, 0, 2720, 100, 1]
2025-06-30 16:24:05,143 - __main__ - INFO - PLC escribió en dirección 21: [1, 1, 0, 1, 6723, 1, 328, 0, 0, 2]
2025-06-30 16:24:05,144 - __main__ - INFO - PLC escribió en dirección 41: [253, 253, 41, 46, 849, 14, 289, 88, 0, 0]
2025-06-30 16:24:06,853 - asyncio - ERROR - Exception in callback _ProactorBasePipeTransport._call_connection_lost()
handle: <Handle _ProactorBasePipeTransport._call_connection_lost()>
Traceback (most recent call last):
  File "C:\Users\thech\AppData\Local\Programs\Python\Python313\Lib\asyncio\events.py", line 89, in _run
    self._context.run(self._callback, *self._args)
    ~~~~~~~~~~~~~~~~~^^^^^^^^^^^^^^^^^^^^^^^^^^^^^
  File "C:\Users\thech\AppData\Local\Programs\Python\Python313\Lib\asyncio\proactor_events.py", line 165, in _call_connection_lost
    self._sock.shutdown(socket.SHUT_RDWR)
    ~~~~~~~~~~~~~~~~~~~^^^^^^^^^^^^^^^^^^
ConnectionResetError: [WinError 10054] An existing connection was forcibly closed by the remote host
2025-06-30 16:24:07,654 - __main__ - INFO - PLC escribió en dirección 1: [4, 1, 4, 4, 0, 1, 0, 4293, 100, 1]
2025-06-30 16:24:07,654 - __main__ - INFO - PLC escribió en dirección 21: [1, 1, 1, 1, 9450, 1, 146, 0, 0, 3]
2025-06-30 16:24:07,655 - __main__ - INFO - PLC escribió en dirección 41: [231, 231, 42, 47, 1028, 10, 222, 84, 0, 0]
2025-06-30 16:24:10,161 - __main__ - INFO - PLC escribió en dirección 1: [4, 1, 5, 5, 0, 1, 0, 3646, 100, 1]
2025-06-30 16:24:10,161 - __main__ - INFO - PLC escribió en dirección 21: [1, 1, 1, 1, 8120, 1, 359, 0, 0, 3]
2025-06-30 16:24:10,161 - __main__ - INFO - PLC escribió en dirección 41: [257, 257, 39, 44, 813, 25, 203, 92, 0, 0]
2025-06-30 16:24:12,679 - __main__ - INFO - PLC escribió en dirección 1: [4, 0, 6, 5, 1, 1, 3, 4267, 100, 1]
2025-06-30 16:24:12,680 - __main__ - INFO - PLC escribió en dirección 21: [1, 0, 0, 1, 8447, 1, 384, 0, 3, 3]
2025-06-30 16:24:12,680 - __main__ - INFO - PLC escribió en dirección 41: [249, 249, 46, 51, 920, 7, 157, 91, 0, 1]
2025-06-30 16:24:15,187 - __main__ - INFO - PLC escribió en dirección 1: [4, 1, 7, 6, 1, 1, 0, 4275, 100, 1]
2025-06-30 16:24:15,187 - __main__ - INFO - PLC escribió en dirección 21: [1, 1, 1, 1, 7949, 1, 307, 0, 0, 3]
2025-06-30 16:24:15,188 - __main__ - INFO - PLC escribió en dirección 41: [243, 243, 39, 44, 1183, 28, 180, 83, 0, 0]
2025-06-30 16:24:17,692 - __main__ - INFO - PLC escribió en dirección 1: [3, 1, 8, 7, 1, 1, 0, 1896, 100, 1]
2025-06-30 16:24:17,693 - __main__ - INFO - PLC escribió en dirección 21: [1, 1, 0, 0, 0, 1, 450, 0, 0, 2]
2025-06-30 16:24:17,694 - __main__ - INFO - PLC escribió en dirección 41: [227, 227, 40, 45, 898, 9, 226, 83, 0, 0]
2025-06-30 16:24:20,206 - __main__ - INFO - PLC escribió en dirección 1: [3, 1, 9, 8, 1, 1, 0, 1892, 100, 1]
2025-06-30 16:24:20,207 - __main__ - INFO - PLC escribió en dirección 21: [1, 1, 0, 0, 0, 1, 18, 0, 0, 2]
2025-06-30 16:24:20,208 - __main__ - INFO - PLC escribió en dirección 41: [268, 268, 40, 45, 826, 24, 273, 91, 0, 0]
2025-06-30 16:24:22,717 - __main__ - INFO - PLC escribió en dirección 1: [3, 1, 10, 9, 1, 1, 0, 1667, 100, 1]
2025-06-30 16:24:22,717 - __main__ - INFO - PLC escribió en dirección 21: [1, 1, 0, 0, 0, 1, 15, 0, 0, 2]
2025-06-30 16:24:22,718 - __main__ - INFO - PLC escribió en dirección 41: [261, 261, 46, 51, 922, 17, 209, 81, 0, 0]
2025-06-30 16:24:25,234 - __main__ - INFO - PLC escribió en dirección 1: [3, 1, 11, 10, 1, 1, 0, 1804, 100, 1]
2025-06-30 16:24:25,234 - __main__ - INFO - PLC escribió en dirección 21: [1, 1, 0, 0, 0, 1, 147, 0, 0, 2]
2025-06-30 16:24:25,235 - __main__ - INFO - PLC escribió en dirección 41: [232, 232, 46, 51, 827, 26, 277, 80, 0, 0]
2025-06-30 16:24:27,747 - __main__ - INFO - PLC escribió en dirección 1: [3, 1, 12, 11, 1, 1, 0, 1638, 103, 1]
2025-06-30 16:24:27,748 - __main__ - INFO - PLC escribió en dirección 21: [1, 1, 0, 0, 0, 1, 423, 0, 0, 2]
2025-06-30 16:24:27,748 - __main__ - INFO - PLC escribió en dirección 41: [247, 247, 44, 49, 989, 6, 270, 93, 0, 0]
2025-06-30 16:24:30,259 - __main__ - INFO - PLC escribió en dirección 1: [3, 1, 13, 12, 1, 1, 0, 1868, 103, 1]
2025-06-30 16:24:30,260 - __main__ - INFO - PLC escribió en dirección 21: [1, 1, 0, 0, 0, 1, 397, 0, 0, 2]
2025-06-30 16:24:30,261 - __main__ - INFO - PLC escribió en dirección 41: [221, 221, 46, 51, 1126, 22, 263, 83, 0, 0]
2025-06-30 16:24:32,775 - __main__ - INFO - PLC escribió en dirección 1: [3, 1, 14, 13, 1, 1, 0, 1975, 103, 1]
2025-06-30 16:24:32,776 - __main__ - INFO - PLC escribió en dirección 21: [1, 1, 0, 0, 0, 1, 36, 0, 0, 2]
2025-06-30 16:24:32,777 - __main__ - INFO - PLC escribió en dirección 41: [267, 267, 39, 44, 1116, 23, 163, 87, 0, 0]
2025-06-30 16:24:35,292 - __main__ - INFO - PLC escribió en dirección 1: [3, 1, 15, 14, 1, 1, 0, 1958, 103, 1]
2025-06-30 16:24:35,293 - __main__ - INFO - PLC escribió en dirección 21: [1, 1, 0, 0, 0, 1, 426, 0, 0, 2]
2025-06-30 16:24:35,294 - __main__ - INFO - PLC escribió en dirección 41: [243, 243, 44, 49, 897, 5, 242, 94, 0, 0]
2025-06-30 16:24:37,803 - __main__ - INFO - PLC escribió en dirección 1: [3, 1, 16, 15, 1, 1, 0, 1642, 103, 1]
2025-06-30 16:24:37,803 - __main__ - INFO - PLC escribió en dirección 21: [1, 1, 0, 0, 0, 1, 317, 0, 0, 2]
2025-06-30 16:24:37,804 - __main__ - INFO - PLC escribió en dirección 41: [230, 230, 45, 50, 1073, 19, 290, 83, 0, 0]
2025-06-30 16:24:40,307 - __main__ - INFO - PLC escribió en dirección 1: [3, 1, 17, 16, 1, 1, 0, 1791, 103, 1]
2025-06-30 16:24:40,308 - __main__ - INFO - PLC escribió en dirección 21: [1, 1, 0, 0, 0, 1, 404, 0, 0, 2]
2025-06-30 16:24:40,308 - __main__ - INFO - PLC escribió en dirección 41: [252, 252, 42, 47, 966, 23, 171, 82, 0, 0]
2025-06-30 16:24:42,819 - __main__ - INFO - PLC escribió en dirección 1: [3, 1, 18, 17, 1, 1, 0, 1692, 103, 1]
2025-06-30 16:24:42,820 - __main__ - INFO - PLC escribió en dirección 21: [1, 1, 0, 0, 0, 1, 414, 0, 0, 2]
2025-06-30 16:24:42,820 - __main__ - INFO - PLC escribió en dirección 41: [256, 256, 39, 44, 1017, 16, 294, 82, 0, 0]
2025-06-30 16:24:45,337 - __main__ - INFO - PLC escribió en dirección 1: [1, 1, 19, 18, 1, 1, 0, 2582, 103, 1]
2025-06-30 16:24:45,337 - __main__ - INFO - PLC escribió en dirección 21: [1, 1, 0, 1, 6466, 1, 160, 0, 0, 2]
2025-06-30 16:24:45,338 - __main__ - INFO - PLC escribió en dirección 41: [260, 260, 45, 50, 1118, 17, 294, 80, 0, 0]
2025-06-30 16:24:47,842 - __main__ - INFO - PLC escribió en dirección 1: [1, 1, 20, 19, 1, 1, 0, 2467, 103, 1]
2025-06-30 16:24:47,842 - __main__ - INFO - PLC escribió en dirección 21: [1, 1, 0, 1, 9049, 1, 242, 0, 0, 2]
2025-06-30 16:24:47,843 - __main__ - INFO - PLC escribió en dirección 41: [252, 252, 46, 51, 934, 5, 291, 95, 0, 0]
2025-06-30 16:24:50,350 - __main__ - INFO - PLC escribió en dirección 1: [1, 1, 21, 20, 1, 1, 0, 2515, 103, 1]
2025-06-30 16:24:50,351 - __main__ - INFO - PLC escribió en dirección 21: [1, 1, 0, 1, 8083, 1, 38, 0, 0, 2]
2025-06-30 16:24:50,351 - __main__ - INFO - PLC escribió en dirección 41: [228, 228, 43, 48, 1072, 5, 181, 92, 0, 0]
2025-06-30 16:24:52,869 - __main__ - INFO - PLC escribió en dirección 1: [1, 1, 22, 21, 1, 1, 0, 2365, 103, 1]
2025-06-30 16:24:52,870 - __main__ - INFO - PLC escribió en dirección 21: [1, 1, 0, 1, 8215, 1, 261, 0, 0, 2]
2025-06-30 16:24:52,871 - __main__ - INFO - PLC escribió en dirección 41: [259, 259, 42, 47, 1181, 23, 197, 80, 0, 0]
2025-06-30 16:24:55,382 - __main__ - INFO - PLC escribió en dirección 1: [1, 1, 23, 22, 1, 1, 0, 2277, 103, 1]
2025-06-30 16:24:55,383 - __main__ - INFO - PLC escribió en dirección 21: [1, 1, 0, 1, 9942, 1, 75, 0, 0, 2]
2025-06-30 16:24:55,383 - __main__ - INFO - PLC escribió en dirección 41: [259, 259, 44, 49, 910, 16, 300, 83, 0, 0]
2025-06-30 16:24:57,897 - __main__ - INFO - PLC escribió en dirección 1: [1, 1, 24, 23, 1, 1, 0, 2588, 101, 1]
2025-06-30 16:24:57,898 - __main__ - INFO - PLC escribió en dirección 21: [1, 1, 0, 1, 5925, 1, 420, 0, 0, 2]
2025-06-30 16:24:57,899 - __main__ - INFO - PLC escribió en dirección 41: [242, 242, 42, 47, 1169, 10, 256, 87, 0, 0]
2025-06-30 16:25:00,415 - __main__ - INFO - PLC escribió en dirección 1: [1, 1, 25, 24, 1, 3, 101, 2404, 101, 1]
2025-06-30 16:25:00,417 - __main__ - INFO - PLC escribió en dirección 21: [1, 1, 0, 1, 7030, 1, 214, 0, 101, 2]
2025-06-30 16:25:00,419 - __main__ - INFO - PLC escribió en dirección 41: [222, 222, 44, 49, 1106, 12, 166, 91, 0, 1]
2025-06-30 16:25:02,972 - __main__ - INFO - PLC escribió en dirección 1: [1, 1, 26, 25, 1, 1, 0, 2406, 101, 1]
2025-06-30 16:25:02,973 - __main__ - INFO - PLC escribió en dirección 21: [1, 1, 0, 1, 6689, 1, 142, 0, 0, 2]
2025-06-30 16:25:02,973 - __main__ - INFO - PLC escribió en dirección 41: [234, 234, 44, 49, 954, 15, 225, 88, 0, 0]
2025-06-30 16:25:05,497 - __main__ - INFO - PLC escribió en dirección 1: [1, 1, 27, 26, 1, 1, 0, 2468, 101, 1]
2025-06-30 16:25:05,503 - __main__ - INFO - PLC escribió en dirección 21: [1, 1, 0, 1, 8348, 1, 352, 0, 0, 2]
2025-06-30 16:25:05,504 - __main__ - INFO - PLC escribió en dirección 41: [244, 244, 41, 46, 872, 10, 181, 82, 0, 0]
2025-06-30 16:25:08,041 - __main__ - INFO - PLC escribió en dirección 1: [1, 1, 28, 27, 1, 1, 0, 2442, 101, 1]
2025-06-30 16:25:08,042 - __main__ - INFO - PLC escribió en dirección 21: [1, 1, 0, 1, 5022, 1, 393, 0, 0, 2]
2025-06-30 16:25:08,042 - __main__ - INFO - PLC escribió en dirección 41: [256, 256, 45, 50, 993, 13, 158, 84, 0, 0]
2025-06-30 16:25:10,549 - __main__ - INFO - PLC escribió en dirección 1: [1, 0, 29, 27, 2, 1, 3, 2273, 101, 1]
2025-06-30 16:25:10,550 - __main__ - INFO - PLC escribió en dirección 21: [1, 0, 0, 1, 9442, 1, 261, 0, 3, 2]
2025-06-30 16:25:10,551 - __main__ - INFO - PLC escribió en dirección 41: [238, 238, 39, 44, 1114, 19, 243, 87, 0, 1]
2025-06-30 16:25:12,820 - __main__ - INFO - Base de datos configurada correctamente
2025-06-30 16:25:12,837 - __main__ - INFO - Iniciando sistema de producción...
2025-06-30 16:25:12,943 - __main__ - INFO - Iniciando servicios del sistema de producción
2025-06-30 16:25:12,945 - __main__ - INFO - Procesador de datos iniciado
2025-06-30 16:25:12,945 - __main__ - INFO - Iniciando servidor Modbus en 0.0.0.0:502
2025-06-30 16:25:12,947 - pymodbus.logging - INFO - Server listening.
2025-06-30 16:25:13,053 - __main__ - INFO - Base de datos configurada correctamente
2025-06-30 16:25:13,066 - __main__ - INFO - Iniciando sistema de producción...
2025-06-30 16:25:13,150 - __main__ - INFO - Iniciando servicios del sistema de producción
2025-06-30 16:25:13,152 - __main__ - INFO - Procesador de datos iniciado
2025-06-30 16:25:13,152 - __main__ - INFO - Iniciando servidor Modbus en 0.0.0.0:502
2025-06-30 16:25:13,153 - __main__ - INFO - Cerrando servicios del sistema de producción
2025-06-30 16:25:14,579 - __main__ - INFO - Cerrando servicios del sistema de producción
2025-06-30 16:25:14,971 - pymodbus.logging - INFO - Server graceful shutdown.
2025-06-30 16:25:14,973 - __main__ - INFO - Cerrando sistema...
2025-06-30 16:25:18,516 - __main__ - INFO - Base de datos configurada correctamente
2025-06-30 16:25:18,523 - __main__ - INFO - Iniciando sistema de producción...
2025-06-30 16:25:18,586 - __main__ - INFO - Iniciando servicios del sistema de producción
2025-06-30 16:25:18,587 - __main__ - INFO - Procesador de datos iniciado
2025-06-30 16:25:18,587 - __main__ - INFO - Iniciando servidor Modbus en 0.0.0.0:502
2025-06-30 16:25:18,588 - pymodbus.logging - INFO - Server listening.
2025-06-30 16:25:29,258 - __main__ - INFO - Nueva conexión WebSocket. Total conectados: 1
2025-06-30 16:25:44,796 - __main__ - INFO - PLC escribió en dirección 1: [1, 1, 100, 90, 10, 1, 0, 2500, 101, 1]
2025-06-30 16:25:48,946 - __main__ - INFO - PLC escribió en dirección 1: [1, 1, 1, 1, 0, 1, 0, 2340, 100, 1]
2025-06-30 16:25:48,947 - __main__ - INFO - PLC escribió en dirección 21: [1, 1, 0, 1, 9382, 1, 366, 0, 0, 2]
2025-06-30 16:25:48,947 - __main__ - INFO - PLC escribió en dirección 41: [248, 248, 39, 44, 912, 11, 182, 93, 0, 0]
2025-06-30 16:25:51,450 - __main__ - INFO - PLC escribió en dirección 1: [1, 1, 2, 2, 0, 1, 0, 2542, 100, 1]
2025-06-30 16:25:51,451 - __main__ - INFO - PLC escribió en dirección 21: [1, 1, 0, 1, 5164, 1, 27, 0, 0, 2]
2025-06-30 16:25:51,452 - __main__ - INFO - PLC escribió en dirección 41: [237, 237, 41, 46, 973, 5, 150, 87, 0, 0]
2025-06-30 16:25:53,961 - __main__ - INFO - PLC escribió en dirección 1: [1, 1, 3, 3, 0, 1, 0, 2273, 100, 1]
2025-06-30 16:25:53,961 - __main__ - INFO - PLC escribió en dirección 21: [1, 1, 0, 1, 6116, 1, 208, 0, 0, 2]
2025-06-30 16:25:53,962 - __main__ - INFO - PLC escribió en dirección 41: [248, 248, 46, 51, 1147, 25, 277, 86, 0, 0]
2025-06-30 16:25:56,466 - __main__ - INFO - PLC escribió en dirección 1: [3, 1, 4, 4, 0, 1, 0, 1715, 100, 1]
2025-06-30 16:25:56,466 - __main__ - INFO - PLC escribió en dirección 21: [1, 1, 0, 0, 0, 1, 457, 0, 0, 2]
2025-06-30 16:25:56,467 - __main__ - INFO - PLC escribió en dirección 41: [235, 235, 43, 48, 967, 21, 231, 88, 0, 0]
2025-06-30 16:25:58,977 - __main__ - INFO - PLC escribió en dirección 1: [3, 1, 5, 5, 0, 1, 0, 1752, 100, 1]
2025-06-30 16:25:58,978 - __main__ - INFO - PLC escribió en dirección 21: [1, 1, 0, 0, 0, 1, 85, 0, 0, 2]
2025-06-30 16:25:58,979 - __main__ - INFO - PLC escribió en dirección 41: [261, 261, 46, 51, 1140, 29, 293, 95, 0, 0]
2025-06-30 16:26:01,487 - __main__ - INFO - PLC escribió en dirección 1: [3, 1, 6, 6, 0, 1, 0, 1738, 100, 1]
2025-06-30 16:26:01,488 - __main__ - INFO - PLC escribió en dirección 21: [1, 1, 0, 0, 0, 1, 92, 0, 0, 2]
2025-06-30 16:26:01,488 - __main__ - INFO - PLC escribió en dirección 41: [258, 258, 46, 51, 970, 16, 167, 86, 0, 0]
2025-06-30 16:26:03,601 - __main__ - INFO - Conexión WebSocket cerrada. Total conectados: 0
2025-06-30 16:26:03,601 - __main__ - INFO - Cliente WebSocket desconectado
2025-06-30 16:26:03,710 - __main__ - INFO - Cerrando servicios del sistema de producción
2025-06-30 16:26:03,958 - pymodbus.logging - INFO - Server graceful shutdown.
2025-06-30 16:26:03,959 - __main__ - INFO - Cerrando sistema...
2025-06-30 16:31:32,361 - __main__ - INFO - Base de datos configurada correctamente
2025-06-30 16:31:32,368 - __main__ - INFO - Iniciando sistema de producción...
2025-06-30 16:31:32,434 - __main__ - INFO - Iniciando servicios del sistema de producción
2025-06-30 16:31:32,435 - __main__ - INFO - Procesador de datos iniciado
2025-06-30 16:31:32,435 - __main__ - INFO - Iniciando servidor Modbus en 0.0.0.0:502
2025-06-30 16:31:32,436 - __main__ - INFO - Servidor configurado para recibir datos en direcciones 0-199
2025-06-30 16:31:32,436 - __main__ - INFO - Direcciones esperadas del PLC: 1 (principales), 21 (calidad), 41 (proceso)
2025-06-30 16:31:32,437 - pymodbus.logging - INFO - Server listening.
2025-06-30 16:31:45,143 - __main__ - INFO - Nueva conexión WebSocket. Total conectados: 1
2025-06-30 16:31:54,524 - __main__ - INFO - Datos procesados: Producto 1, Calidad: OK
2025-06-30 16:31:58,733 - __main__ - INFO - Datos procesados: Producto 2, Calidad: OK
2025-06-30 16:32:01,263 - __main__ - INFO - Datos procesados: Producto 2, Calidad: OK
2025-06-30 16:32:03,781 - __main__ - INFO - Datos procesados: Producto 2, Calidad: OK
2025-06-30 16:32:06,330 - __main__ - INFO - Datos procesados: Producto 2, Calidad: OK
2025-06-30 16:32:08,864 - __main__ - INFO - Datos procesados: Producto 2, Calidad: OK
2025-06-30 16:32:11,382 - __main__ - INFO - Datos procesados: Producto 2, Calidad: OK
2025-06-30 16:32:13,913 - __main__ - INFO - Datos procesados: Producto 2, Calidad: NOK
2025-06-30 16:32:16,434 - __main__ - INFO - Datos procesados: Producto 2, Calidad: OK
2025-06-30 16:32:18,975 - __main__ - INFO - Datos procesados: Producto 2, Calidad: OK
2025-06-30 16:32:21,494 - __main__ - INFO - Datos procesados: Producto 2, Calidad: OK
2025-06-30 16:32:24,014 - __main__ - INFO - Datos procesados: Producto 2, Calidad: OK
2025-06-30 16:32:26,544 - __main__ - INFO - Datos procesados: Producto 2, Calidad: OK
2025-06-30 16:32:29,077 - __main__ - INFO - Datos procesados: Producto 2, Calidad: OK
2025-06-30 16:32:31,611 - __main__ - INFO - Datos procesados: Producto 2, Calidad: OK
2025-06-30 16:32:34,133 - __main__ - INFO - Datos procesados: Producto 2, Calidad: OK
2025-06-30 16:32:36,655 - __main__ - INFO - Datos procesados: Producto 2, Calidad: OK
2025-06-30 16:32:39,181 - __main__ - INFO - Datos procesados: Producto 2, Calidad: OK
2025-06-30 16:32:41,715 - __main__ - INFO - Datos procesados: Producto 2, Calidad: OK
2025-06-30 16:32:44,247 - __main__ - INFO - Datos procesados: Producto 2, Calidad: OK
2025-06-30 16:32:46,764 - __main__ - INFO - Datos procesados: Producto 2, Calidad: OK
2025-06-30 16:32:49,282 - __main__ - INFO - Datos procesados: Producto 2, Calidad: OK
2025-06-30 16:32:51,808 - __main__ - INFO - Datos procesados: Producto 2, Calidad: OK
2025-06-30 16:32:54,331 - __main__ - INFO - Datos procesados: Producto 2, Calidad: OK
2025-06-30 16:32:56,852 - __main__ - INFO - Datos procesados: Producto 2, Calidad: OK
2025-06-30 16:32:59,397 - __main__ - INFO - Datos procesados: Producto 1, Calidad: NOK
2025-06-30 16:33:01,916 - __main__ - INFO - Datos procesados: Producto 1, Calidad: OK
2025-06-30 16:33:04,431 - __main__ - INFO - Datos procesados: Producto 1, Calidad: OK
2025-06-30 16:33:06,948 - __main__ - INFO - Datos procesados: Producto 2, Calidad: OK
2025-06-30 16:33:09,467 - __main__ - INFO - Datos procesados: Producto 2, Calidad: OK
2025-06-30 16:33:11,998 - __main__ - INFO - Datos procesados: Producto 2, Calidad: NOK
2025-06-30 16:33:14,515 - __main__ - INFO - Datos procesados: Producto 2, Calidad: OK
2025-06-30 16:33:17,047 - __main__ - INFO - Datos procesados: Producto 2, Calidad: OK
2025-06-30 16:33:19,581 - __main__ - INFO - Datos procesados: Producto 2, Calidad: OK
2025-06-30 16:33:22,115 - __main__ - INFO - Datos procesados: Producto 2, Calidad: OK
2025-06-30 16:33:24,648 - __main__ - INFO - Datos procesados: Producto 2, Calidad: OK
2025-06-30 16:33:27,180 - __main__ - INFO - Datos procesados: Producto 2, Calidad: OK
2025-06-30 16:33:29,698 - __main__ - INFO - Datos procesados: Producto 2, Calidad: OK
2025-06-30 16:33:32,216 - __main__ - INFO - Datos procesados: Producto 2, Calidad: OK
2025-06-30 16:33:34,749 - __main__ - INFO - Datos procesados: Producto 2, Calidad: OK
2025-06-30 16:33:37,282 - __main__ - INFO - Datos procesados: Producto 2, Calidad: OK
2025-06-30 16:33:39,809 - __main__ - INFO - Datos procesados: Producto 1, Calidad: OK
2025-06-30 16:33:42,331 - __main__ - INFO - Datos procesados: Producto 1, Calidad: OK
2025-06-30 16:33:44,865 - __main__ - INFO - Datos procesados: Producto 1, Calidad: OK
2025-06-30 16:33:47,399 - __main__ - INFO - Datos procesados: Producto 1, Calidad: OK
2025-06-30 16:33:49,929 - __main__ - INFO - Datos procesados: Producto 1, Calidad: OK
2025-06-30 16:33:52,447 - __main__ - INFO - Datos procesados: Producto 1, Calidad: OK
2025-06-30 16:33:54,966 - __main__ - INFO - Datos procesados: Producto 1, Calidad: NOK
2025-06-30 16:33:57,498 - __main__ - INFO - Datos procesados: Producto 1, Calidad: OK
2025-06-30 16:34:00,031 - __main__ - INFO - Datos procesados: Producto 1, Calidad: NOK
2025-06-30 16:34:02,547 - __main__ - INFO - Datos procesados: Producto 1, Calidad: OK
2025-06-30 16:34:05,065 - __main__ - INFO - Datos procesados: Producto 1, Calidad: OK
2025-06-30 16:34:07,598 - __main__ - INFO - Datos procesados: Producto 1, Calidad: OK
2025-06-30 16:34:10,116 - __main__ - INFO - Datos procesados: Producto 1, Calidad: OK
2025-06-30 16:34:12,647 - __main__ - INFO - Datos procesados: Producto 1, Calidad: OK
2025-06-30 16:34:15,164 - __main__ - INFO - Datos procesados: Producto 1, Calidad: OK
2025-06-30 16:34:17,682 - __main__ - INFO - Datos procesados: Producto 1, Calidad: OK
2025-06-30 16:34:20,214 - __main__ - INFO - Datos procesados: Producto 1, Calidad: OK
2025-06-30 16:34:22,745 - __main__ - INFO - Datos procesados: Producto 1, Calidad: OK
2025-06-30 16:34:25,265 - __main__ - INFO - Datos procesados: Producto 1, Calidad: OK
2025-06-30 16:34:27,798 - __main__ - INFO - Datos procesados: Producto 1, Calidad: NOK
2025-06-30 16:34:30,316 - __main__ - INFO - Datos procesados: Producto 1, Calidad: OK
2025-06-30 16:34:32,844 - __main__ - INFO - Datos procesados: Producto 1, Calidad: OK
2025-06-30 16:34:35,361 - __main__ - INFO - Datos procesados: Producto 1, Calidad: OK
2025-06-30 16:34:37,881 - __main__ - INFO - Datos procesados: Producto 1, Calidad: OK
2025-06-30 16:34:40,415 - __main__ - INFO - Datos procesados: Producto 1, Calidad: OK
2025-06-30 16:34:42,947 - __main__ - INFO - Datos procesados: Producto 1, Calidad: OK
2025-06-30 16:34:45,466 - __main__ - INFO - Datos procesados: Producto 1, Calidad: OK
2025-06-30 16:34:47,988 - __main__ - INFO - Datos procesados: Producto 1, Calidad: NOK
2025-06-30 16:34:50,511 - __main__ - INFO - Datos procesados: Producto 1, Calidad: OK
2025-06-30 16:34:53,044 - __main__ - INFO - Datos procesados: Producto 1, Calidad: OK
2025-06-30 16:34:55,573 - __main__ - INFO - Datos procesados: Producto 1, Calidad: OK
2025-06-30 16:34:58,098 - __main__ - INFO - Datos procesados: Producto 2, Calidad: NOK
2025-06-30 16:35:00,623 - __main__ - INFO - Datos procesados: Producto 2, Calidad: OK
2025-06-30 16:35:03,149 - __main__ - INFO - Datos procesados: Producto 2, Calidad: OK
2025-06-30 16:35:05,677 - __main__ - INFO - Datos procesados: Producto 2, Calidad: OK
2025-06-30 16:35:08,213 - __main__ - INFO - Datos procesados: Producto 2, Calidad: OK
2025-06-30 16:35:10,740 - __main__ - INFO - Datos procesados: Producto 2, Calidad: OK
2025-06-30 16:35:13,265 - __main__ - INFO - Datos procesados: Producto 2, Calidad: NOK
2025-06-30 16:35:15,797 - __main__ - INFO - Datos procesados: Producto 2, Calidad: OK
2025-06-30 16:35:18,315 - __main__ - INFO - Datos procesados: Producto 2, Calidad: OK
2025-06-30 16:35:20,842 - __main__ - INFO - Datos procesados: Producto 2, Calidad: OK
2025-06-30 16:35:23,366 - __main__ - INFO - Datos procesados: Producto 2, Calidad: OK
2025-06-30 16:35:25,896 - __main__ - INFO - Datos procesados: Producto 2, Calidad: OK
2025-06-30 16:35:28,418 - __main__ - INFO - Datos procesados: Producto 2, Calidad: OK
2025-06-30 16:35:30,948 - __main__ - INFO - Datos procesados: Producto 2, Calidad: OK
2025-06-30 16:35:33,465 - __main__ - INFO - Datos procesados: Producto 2, Calidad: OK
2025-06-30 16:35:35,980 - __main__ - INFO - Datos procesados: Producto 2, Calidad: OK
2025-06-30 16:35:38,512 - __main__ - INFO - Datos procesados: Producto 3, Calidad: NOK
2025-06-30 16:35:41,033 - __main__ - INFO - Datos procesados: Producto 3, Calidad: OK
2025-06-30 16:35:43,560 - __main__ - INFO - Datos procesados: Producto 3, Calidad: OK
2025-06-30 16:35:46,080 - __main__ - INFO - Datos procesados: Producto 3, Calidad: OK
2025-06-30 16:35:48,613 - __main__ - INFO - Datos procesados: Producto 3, Calidad: OK
2025-06-30 16:35:51,148 - __main__ - INFO - Datos procesados: Producto 3, Calidad: OK
2025-06-30 16:35:53,678 - __main__ - INFO - Datos procesados: Producto 3, Calidad: OK
2025-06-30 16:35:56,232 - __main__ - INFO - Datos procesados: Producto 4, Calidad: OK
2025-06-30 16:35:58,765 - __main__ - INFO - Datos procesados: Producto 2, Calidad: OK
2025-06-30 16:36:01,297 - __main__ - INFO - Datos procesados: Producto 2, Calidad: OK
2025-06-30 16:36:03,815 - __main__ - INFO - Datos procesados: Producto 2, Calidad: OK
2025-06-30 16:36:06,331 - __main__ - INFO - Datos procesados: Producto 2, Calidad: NOK
2025-06-30 16:36:08,848 - __main__ - INFO - Datos procesados: Producto 2, Calidad: OK
2025-06-30 16:36:11,365 - __main__ - INFO - Datos procesados: Producto 2, Calidad: NOK
2025-06-30 16:36:13,898 - __main__ - INFO - Datos procesados: Producto 2, Calidad: OK
2025-06-30 16:36:16,415 - __main__ - INFO - Datos procesados: Producto 2, Calidad: OK
2025-06-30 16:36:18,948 - __main__ - INFO - Datos procesados: Producto 2, Calidad: OK
2025-06-30 16:36:21,478 - __main__ - INFO - Datos procesados: Producto 4, Calidad: NOK
2025-06-30 16:36:23,999 - __main__ - INFO - Datos procesados: Producto 4, Calidad: OK
2025-06-30 16:36:26,516 - __main__ - INFO - Datos procesados: Producto 4, Calidad: OK
2025-06-30 16:36:29,032 - __main__ - INFO - Datos procesados: Producto 4, Calidad: NOK
2025-06-30 16:36:31,564 - __main__ - INFO - Datos procesados: Producto 4, Calidad: OK
2025-06-30 16:36:34,086 - __main__ - INFO - Datos procesados: Producto 4, Calidad: OK
2025-06-30 16:36:36,630 - __main__ - INFO - Datos procesados: Producto 4, Calidad: OK
2025-06-30 16:36:39,159 - __main__ - INFO - Datos procesados: Producto 3, Calidad: OK
2025-06-30 16:36:41,699 - __main__ - INFO - Datos procesados: Producto 3, Calidad: OK
2025-06-30 16:36:44,216 - __main__ - INFO - Datos procesados: Producto 3, Calidad: OK
2025-06-30 16:36:46,747 - __main__ - INFO - Datos procesados: Producto 3, Calidad: OK
2025-06-30 16:36:49,265 - __main__ - INFO - Datos procesados: Producto 3, Calidad: OK
2025-06-30 16:36:51,793 - __main__ - INFO - Datos procesados: Producto 3, Calidad: OK
2025-06-30 16:36:54,328 - __main__ - INFO - Datos procesados: Producto 3, Calidad: OK
2025-06-30 16:36:56,851 - __main__ - INFO - Datos procesados: Producto 3, Calidad: NOK
2025-06-30 16:36:59,381 - __main__ - INFO - Datos procesados: Producto 4, Calidad: NOK
2025-06-30 16:37:01,908 - __main__ - INFO - Datos procesados: Producto 4, Calidad: OK
2025-06-30 16:37:04,431 - __main__ - INFO - Datos procesados: Producto 3, Calidad: OK
2025-06-30 16:37:06,952 - __main__ - INFO - Datos procesados: Producto 3, Calidad: OK
2025-06-30 16:37:09,482 - __main__ - INFO - Datos procesados: Producto 3, Calidad: OK
2025-06-30 16:37:11,998 - __main__ - INFO - Datos procesados: Producto 3, Calidad: OK
2025-06-30 16:37:14,532 - __main__ - INFO - Datos procesados: Producto 1, Calidad: OK
2025-06-30 16:37:17,065 - __main__ - INFO - Datos procesados: Producto 1, Calidad: OK
2025-06-30 16:37:19,598 - __main__ - INFO - Datos procesados: Producto 1, Calidad: OK
2025-06-30 16:37:22,130 - __main__ - INFO - Datos procesados: Producto 1, Calidad: NOK
2025-06-30 16:37:24,662 - __main__ - INFO - Datos procesados: Producto 1, Calidad: OK
2025-06-30 16:37:27,182 - __main__ - INFO - Datos procesados: Producto 1, Calidad: OK
2025-06-30 16:37:29,699 - __main__ - INFO - Datos procesados: Producto 1, Calidad: OK
2025-06-30 16:37:32,217 - __main__ - INFO - Datos procesados: Producto 1, Calidad: OK
2025-06-30 16:37:34,732 - __main__ - INFO - Datos procesados: Producto 1, Calidad: OK
2025-06-30 16:37:37,250 - __main__ - INFO - Datos procesados: Producto 1, Calidad: OK
2025-06-30 16:37:39,778 - __main__ - INFO - Datos procesados: Producto 1, Calidad: OK
2025-06-30 16:37:42,314 - __main__ - INFO - Datos procesados: Producto 1, Calidad: OK
2025-06-30 16:37:44,843 - __main__ - INFO - Datos procesados: Producto 1, Calidad: OK
2025-06-30 16:37:47,364 - __main__ - INFO - Datos procesados: Producto 4, Calidad: OK
2025-06-30 16:37:49,891 - __main__ - INFO - Datos procesados: Producto 4, Calidad: OK
2025-06-30 16:37:52,413 - __main__ - INFO - Datos procesados: Producto 4, Calidad: NOK
2025-06-30 16:37:54,932 - __main__ - INFO - Datos procesados: Producto 4, Calidad: NOK
2025-06-30 16:37:57,461 - __main__ - INFO - Datos procesados: Producto 4, Calidad: OK
2025-06-30 16:37:59,988 - __main__ - INFO - Datos procesados: Producto 4, Calidad: OK
2025-06-30 16:38:02,515 - __main__ - INFO - Datos procesados: Producto 4, Calidad: OK
2025-06-30 16:38:05,033 - __main__ - INFO - Datos procesados: Producto 4, Calidad: OK
2025-06-30 16:38:07,565 - __main__ - INFO - Datos procesados: Producto 4, Calidad: OK
2025-06-30 16:38:10,100 - __main__ - INFO - Datos procesados: Producto 4, Calidad: OK
2025-06-30 16:38:12,631 - __main__ - INFO - Datos procesados: Producto 4, Calidad: OK
2025-06-30 16:38:15,150 - __main__ - INFO - Datos procesados: Producto 4, Calidad: OK
2025-06-30 16:38:17,682 - __main__ - INFO - Datos procesados: Producto 4, Calidad: OK
2025-06-30 16:38:20,213 - __main__ - INFO - Datos procesados: Producto 4, Calidad: OK
2025-06-30 16:38:22,747 - __main__ - INFO - Datos procesados: Producto 4, Calidad: OK
2025-06-30 16:38:25,265 - __main__ - INFO - Datos procesados: Producto 4, Calidad: NOK
2025-06-30 16:38:27,797 - __main__ - INFO - Datos procesados: Producto 4, Calidad: OK
2025-06-30 16:38:30,316 - __main__ - INFO - Datos procesados: Producto 2, Calidad: OK
2025-06-30 16:38:32,848 - __main__ - INFO - Datos procesados: Producto 2, Calidad: OK
2025-06-30 16:38:35,366 - __main__ - INFO - Datos procesados: Producto 2, Calidad: NOK
2025-06-30 16:38:37,898 - __main__ - INFO - Datos procesados: Producto 2, Calidad: OK
2025-06-30 16:38:40,429 - __main__ - INFO - Datos procesados: Producto 2, Calidad: OK
2025-06-30 16:38:42,948 - __main__ - INFO - Datos procesados: Producto 2, Calidad: OK
2025-06-30 16:38:45,480 - __main__ - INFO - Datos procesados: Producto 2, Calidad: OK
2025-06-30 16:38:48,000 - __main__ - INFO - Datos procesados: Producto 2, Calidad: OK
2025-06-30 16:38:50,515 - __main__ - INFO - Datos procesados: Producto 2, Calidad: OK
2025-06-30 16:38:53,032 - __main__ - INFO - Datos procesados: Producto 2, Calidad: OK
2025-06-30 16:38:55,549 - __main__ - INFO - Datos procesados: Producto 1, Calidad: NOK
2025-06-30 16:38:58,065 - __main__ - INFO - Datos procesados: Producto 1, Calidad: OK
2025-06-30 16:39:00,593 - __main__ - INFO - Datos procesados: Producto 1, Calidad: OK
2025-06-30 16:39:03,114 - __main__ - INFO - Datos procesados: Producto 4, Calidad: NOK
2025-06-30 16:39:05,641 - __main__ - INFO - Datos procesados: Producto 4, Calidad: OK
2025-06-30 16:39:08,160 - __main__ - INFO - Datos procesados: Producto 4, Calidad: OK
2025-06-30 16:39:10,678 - __main__ - INFO - Datos procesados: Producto 4, Calidad: OK
2025-06-30 16:39:13,200 - __main__ - INFO - Datos procesados: Producto 4, Calidad: OK
2025-06-30 16:39:15,731 - __main__ - INFO - Datos procesados: Producto 4, Calidad: OK
2025-06-30 16:39:18,264 - __main__ - INFO - Datos procesados: Producto 4, Calidad: OK
2025-06-30 16:39:20,795 - __main__ - INFO - Datos procesados: Producto 4, Calidad: OK
2025-06-30 16:39:23,315 - __main__ - INFO - Datos procesados: Producto 4, Calidad: OK
2025-06-30 16:39:25,831 - __main__ - INFO - Datos procesados: Producto 4, Calidad: OK
2025-06-30 16:39:28,349 - __main__ - INFO - Datos procesados: Producto 4, Calidad: NOK
2025-06-30 16:39:30,881 - __main__ - INFO - Datos procesados: Producto 3, Calidad: OK
2025-06-30 16:39:33,398 - __main__ - INFO - Datos procesados: Producto 3, Calidad: OK
2025-06-30 16:39:35,914 - __main__ - INFO - Datos procesados: Producto 3, Calidad: OK
2025-06-30 16:39:38,447 - __main__ - INFO - Datos procesados: Producto 3, Calidad: OK
2025-06-30 16:39:40,965 - __main__ - INFO - Datos procesados: Producto 3, Calidad: OK
2025-06-30 16:39:43,483 - __main__ - INFO - Datos procesados: Producto 3, Calidad: OK
2025-06-30 16:39:46,015 - __main__ - INFO - Datos procesados: Producto 3, Calidad: OK
2025-06-30 16:39:48,531 - __main__ - INFO - Datos procesados: Producto 3, Calidad: OK
2025-06-30 16:39:51,050 - __main__ - INFO - Datos procesados: Producto 3, Calidad: OK
2025-06-30 16:39:53,582 - __main__ - INFO - Datos procesados: Producto 4, Calidad: OK
2025-06-30 16:39:56,103 - __main__ - INFO - Datos procesados: Producto 4, Calidad: OK
2025-06-30 16:39:58,653 - __main__ - INFO - Datos procesados: Producto 4, Calidad: OK
2025-06-30 16:40:01,171 - __main__ - INFO - Datos procesados: Producto 4, Calidad: OK
2025-06-30 16:40:03,698 - __main__ - INFO - Datos procesados: Producto 4, Calidad: OK
2025-06-30 16:40:06,215 - __main__ - INFO - Datos procesados: Producto 4, Calidad: OK
2025-06-30 16:40:08,739 - __main__ - INFO - Datos procesados: Producto 4, Calidad: OK
2025-06-30 16:40:11,263 - __main__ - INFO - Datos procesados: Producto 4, Calidad: OK
2025-06-30 16:40:13,790 - __main__ - INFO - Datos procesados: Producto 4, Calidad: OK
2025-06-30 16:40:16,312 - __main__ - INFO - Datos procesados: Producto 4, Calidad: OK
2025-06-30 16:40:18,830 - __main__ - INFO - Datos procesados: Producto 4, Calidad: OK
2025-06-30 16:40:21,348 - __main__ - INFO - Datos procesados: Producto 4, Calidad: OK
2025-06-30 16:40:23,881 - __main__ - INFO - Datos procesados: Producto 4, Calidad: OK
2025-06-30 16:40:26,414 - __main__ - INFO - Datos procesados: Producto 4, Calidad: OK
2025-06-30 16:40:28,934 - __main__ - INFO - Datos procesados: Producto 4, Calidad: OK
2025-06-30 16:40:31,464 - __main__ - INFO - Datos procesados: Producto 2, Calidad: OK
2025-06-30 16:40:33,982 - __main__ - INFO - Datos procesados: Producto 2, Calidad: OK
2025-06-30 16:40:36,498 - __main__ - INFO - Datos procesados: Producto 2, Calidad: OK
2025-06-30 16:40:39,016 - __main__ - INFO - Datos procesados: Producto 2, Calidad: OK
2025-06-30 16:40:41,548 - __main__ - INFO - Datos procesados: Producto 2, Calidad: OK
2025-06-30 16:40:44,064 - __main__ - INFO - Datos procesados: Producto 2, Calidad: OK
2025-06-30 16:40:46,596 - __main__ - INFO - Datos procesados: Producto 2, Calidad: OK
2025-06-30 16:40:49,125 - __main__ - INFO - Datos procesados: Producto 2, Calidad: OK
2025-06-30 16:40:51,678 - __main__ - INFO - Datos procesados: Producto 2, Calidad: OK
2025-06-30 16:40:54,200 - __main__ - INFO - Datos procesados: Producto 2, Calidad: OK
2025-06-30 16:40:56,726 - __main__ - INFO - Datos procesados: Producto 2, Calidad: NOK
2025-06-30 16:40:59,247 - __main__ - INFO - Datos procesados: Producto 1, Calidad: OK
2025-06-30 16:41:01,766 - __main__ - INFO - Datos procesados: Producto 1, Calidad: OK
2025-06-30 16:41:04,294 - __main__ - INFO - Datos procesados: Producto 1, Calidad: NOK
2025-06-30 16:41:06,812 - __main__ - INFO - Datos procesados: Producto 1, Calidad: OK
2025-06-30 16:41:09,331 - __main__ - INFO - Datos procesados: Producto 1, Calidad: OK
2025-06-30 16:41:11,849 - __main__ - INFO - Datos procesados: Producto 1, Calidad: OK
2025-06-30 16:41:14,366 - __main__ - INFO - Datos procesados: Producto 1, Calidad: OK
2025-06-30 16:41:16,898 - __main__ - INFO - Datos procesados: Producto 1, Calidad: NOK
2025-06-30 16:41:19,428 - __main__ - INFO - Datos procesados: Producto 1, Calidad: OK
2025-06-30 16:41:21,945 - __main__ - INFO - Datos procesados: Producto 1, Calidad: OK
2025-06-30 16:41:24,472 - __main__ - INFO - Datos procesados: Producto 1, Calidad: OK
2025-06-30 16:41:26,995 - __main__ - INFO - Datos procesados: Producto 1, Calidad: OK
2025-06-30 16:41:29,528 - __main__ - INFO - Datos procesados: Producto 1, Calidad: OK
2025-06-30 16:41:32,045 - __main__ - INFO - Datos procesados: Producto 1, Calidad: NOK
2025-06-30 16:41:34,576 - __main__ - INFO - Datos procesados: Producto 1, Calidad: OK
2025-06-30 16:41:37,109 - __main__ - INFO - Datos procesados: Producto 1, Calidad: NOK
2025-06-30 16:41:39,631 - __main__ - INFO - Datos procesados: Producto 1, Calidad: OK
2025-06-30 16:41:42,150 - __main__ - INFO - Datos procesados: Producto 1, Calidad: OK
2025-06-30 16:41:44,676 - __main__ - INFO - Datos procesados: Producto 1, Calidad: OK
2025-06-30 16:41:47,197 - __main__ - INFO - Datos procesados: Producto 1, Calidad: OK
2025-06-30 16:41:49,723 - __main__ - INFO - Datos procesados: Producto 1, Calidad: OK
2025-06-30 16:41:52,246 - __main__ - INFO - Datos procesados: Producto 1, Calidad: OK
2025-06-30 16:41:54,765 - __main__ - INFO - Datos procesados: Producto 1, Calidad: OK
2025-06-30 16:41:57,296 - __main__ - INFO - Datos procesados: Producto 1, Calidad: OK
2025-06-30 16:41:59,816 - __main__ - INFO - Datos procesados: Producto 1, Calidad: OK
2025-06-30 16:42:02,347 - __main__ - INFO - Datos procesados: Producto 1, Calidad: OK
2025-06-30 16:42:04,866 - __main__ - INFO - Datos procesados: Producto 1, Calidad: OK
2025-06-30 16:42:07,399 - __main__ - INFO - Datos procesados: Producto 1, Calidad: OK
2025-06-30 16:42:09,929 - __main__ - INFO - Datos procesados: Producto 1, Calidad: OK
2025-06-30 16:42:12,446 - __main__ - INFO - Datos procesados: Producto 3, Calidad: NOK
2025-06-30 16:42:14,977 - __main__ - INFO - Datos procesados: Producto 3, Calidad: OK
2025-06-30 16:42:17,497 - __main__ - INFO - Datos procesados: Producto 3, Calidad: NOK
2025-06-30 16:42:20,014 - __main__ - INFO - Datos procesados: Producto 3, Calidad: OK
2025-06-30 16:42:22,530 - __main__ - INFO - Datos procesados: Producto 3, Calidad: OK
2025-06-30 16:42:25,061 - __main__ - INFO - Datos procesados: Producto 3, Calidad: OK
2025-06-30 16:42:27,580 - __main__ - INFO - Datos procesados: Producto 3, Calidad: OK
2025-06-30 16:42:30,097 - __main__ - INFO - Datos procesados: Producto 3, Calidad: OK
2025-06-30 16:42:32,614 - __main__ - INFO - Datos procesados: Producto 3, Calidad: OK
2025-06-30 16:42:35,148 - __main__ - INFO - Datos procesados: Producto 3, Calidad: OK
2025-06-30 16:42:37,666 - __main__ - INFO - Datos procesados: Producto 3, Calidad: OK
2025-06-30 16:42:40,198 - __main__ - INFO - Datos procesados: Producto 3, Calidad: OK
2025-06-30 16:42:42,715 - __main__ - INFO - Datos procesados: Producto 3, Calidad: OK
2025-06-30 16:42:45,248 - __main__ - INFO - Datos procesados: Producto 3, Calidad: OK
2025-06-30 16:42:47,766 - __main__ - INFO - Datos procesados: Producto 3, Calidad: OK
2025-06-30 16:42:50,293 - __main__ - INFO - Datos procesados: Producto 3, Calidad: OK
2025-06-30 16:42:52,812 - __main__ - INFO - Datos procesados: Producto 3, Calidad: OK
2025-06-30 16:42:55,348 - __main__ - INFO - Datos procesados: Producto 3, Calidad: OK
2025-06-30 16:42:57,880 - __main__ - INFO - Datos procesados: Producto 3, Calidad: OK
2025-06-30 16:43:00,413 - __main__ - INFO - Datos procesados: Producto 3, Calidad: OK
2025-06-30 16:43:02,932 - __main__ - INFO - Datos procesados: Producto 3, Calidad: OK
2025-06-30 16:43:05,449 - __main__ - INFO - Datos procesados: Producto 3, Calidad: NOK
2025-06-30 16:43:07,965 - __main__ - INFO - Datos procesados: Producto 3, Calidad: OK
2025-06-30 16:43:10,497 - __main__ - INFO - Datos procesados: Producto 3, Calidad: NOK
2025-06-30 16:43:13,014 - __main__ - INFO - Datos procesados: Producto 3, Calidad: OK
2025-06-30 16:43:15,531 - __main__ - INFO - Datos procesados: Producto 3, Calidad: OK
2025-06-30 16:43:18,049 - __main__ - INFO - Datos procesados: Producto 3, Calidad: OK
2025-06-30 16:43:20,566 - __main__ - INFO - Datos procesados: Producto 3, Calidad: OK
2025-06-30 16:43:23,081 - __main__ - INFO - Datos procesados: Producto 3, Calidad: NOK
2025-06-30 16:43:25,598 - __main__ - INFO - Datos procesados: Producto 3, Calidad: OK
2025-06-30 16:43:28,119 - __main__ - INFO - Datos procesados: Producto 3, Calidad: OK
2025-06-30 16:43:30,648 - __main__ - INFO - Datos procesados: Producto 3, Calidad: OK
2025-06-30 16:43:33,164 - __main__ - INFO - Datos procesados: Producto 3, Calidad: OK
2025-06-30 16:43:35,682 - __main__ - INFO - Datos procesados: Producto 3, Calidad: OK
2025-06-30 16:43:38,215 - __main__ - INFO - Datos procesados: Producto 3, Calidad: OK
2025-06-30 16:43:40,732 - __main__ - INFO - Datos procesados: Producto 3, Calidad: OK
2025-06-30 16:43:43,248 - __main__ - INFO - Datos procesados: Producto 3, Calidad: OK
2025-06-30 16:43:45,782 - __main__ - INFO - Datos procesados: Producto 3, Calidad: OK
2025-06-30 16:43:48,299 - __main__ - INFO - Datos procesados: Producto 3, Calidad: OK
2025-06-30 16:43:50,831 - __main__ - INFO - Datos procesados: Producto 3, Calidad: OK
2025-06-30 16:43:53,366 - __main__ - INFO - Datos procesados: Producto 3, Calidad: OK
2025-06-30 16:43:55,899 - __main__ - INFO - Datos procesados: Producto 3, Calidad: OK
2025-06-30 16:43:58,416 - __main__ - INFO - Datos procesados: Producto 3, Calidad: NOK
2025-06-30 16:44:00,933 - __main__ - INFO - Datos procesados: Producto 3, Calidad: OK
2025-06-30 16:44:03,448 - __main__ - INFO - Datos procesados: Producto 2, Calidad: OK
2025-06-30 16:44:05,981 - __main__ - INFO - Datos procesados: Producto 2, Calidad: OK
2025-06-30 16:44:08,498 - __main__ - INFO - Datos procesados: Producto 2, Calidad: OK
2025-06-30 16:44:11,027 - __main__ - INFO - Datos procesados: Producto 2, Calidad: OK
2025-06-30 16:44:13,564 - __main__ - INFO - Datos procesados: Producto 2, Calidad: OK
2025-06-30 16:44:16,083 - __main__ - INFO - Datos procesados: Producto 2, Calidad: NOK
2025-06-30 16:44:18,615 - __main__ - INFO - Datos procesados: Producto 4, Calidad: OK
2025-06-30 16:44:21,149 - __main__ - INFO - Datos procesados: Producto 4, Calidad: OK
2025-06-30 16:44:23,665 - __main__ - INFO - Datos procesados: Producto 4, Calidad: OK
2025-06-30 16:44:26,198 - __main__ - INFO - Datos procesados: Producto 4, Calidad: OK
2025-06-30 16:44:28,718 - __main__ - INFO - Datos procesados: Producto 4, Calidad: OK
2025-06-30 16:44:31,249 - __main__ - INFO - Datos procesados: Producto 4, Calidad: OK
2025-06-30 16:44:33,767 - __main__ - INFO - Datos procesados: Producto 4, Calidad: OK
2025-06-30 16:44:36,296 - __main__ - INFO - Datos procesados: Producto 4, Calidad: OK
2025-06-30 16:44:38,815 - __main__ - INFO - Datos procesados: Producto 4, Calidad: OK
2025-06-30 16:44:41,347 - __main__ - INFO - Datos procesados: Producto 4, Calidad: OK
2025-06-30 16:44:43,863 - __main__ - INFO - Datos procesados: Producto 4, Calidad: OK
2025-06-30 16:44:46,382 - __main__ - INFO - Datos procesados: Producto 4, Calidad: OK
2025-06-30 16:44:48,899 - __main__ - INFO - Datos procesados: Producto 4, Calidad: OK
2025-06-30 16:44:51,430 - __main__ - INFO - Datos procesados: Producto 4, Calidad: OK
2025-06-30 16:44:53,953 - __main__ - INFO - Datos procesados: Producto 4, Calidad: OK
2025-06-30 16:44:56,478 - __main__ - INFO - Datos procesados: Producto 4, Calidad: NOK
2025-06-30 16:44:59,009 - __main__ - INFO - Datos procesados: Producto 4, Calidad: OK
2025-06-30 16:45:01,530 - __main__ - INFO - Datos procesados: Producto 4, Calidad: OK
2025-06-30 16:45:04,047 - __main__ - INFO - Datos procesados: Producto 4, Calidad: OK
2025-06-30 16:45:06,573 - __main__ - INFO - Datos procesados: Producto 4, Calidad: OK
2025-06-30 16:45:09,099 - __main__ - INFO - Datos procesados: Producto 4, Calidad: OK
2025-06-30 16:45:11,632 - __main__ - INFO - Datos procesados: Producto 3, Calidad: OK
2025-06-30 16:45:14,163 - __main__ - INFO - Datos procesados: Producto 3, Calidad: OK
2025-06-30 16:45:16,692 - __main__ - INFO - Datos procesados: Producto 1, Calidad: OK
2025-06-30 16:45:19,217 - __main__ - INFO - Datos procesados: Producto 1, Calidad: OK
2025-06-30 16:45:21,738 - __main__ - INFO - Datos procesados: Producto 1, Calidad: OK
2025-06-30 16:45:24,261 - __main__ - INFO - Datos procesados: Producto 1, Calidad: OK
2025-06-30 16:45:26,782 - __main__ - INFO - Datos procesados: Producto 1, Calidad: OK
2025-06-30 16:45:29,311 - __main__ - INFO - Datos procesados: Producto 1, Calidad: OK
2025-06-30 16:45:31,832 - __main__ - INFO - Datos procesados: Producto 1, Calidad: OK
2025-06-30 16:45:34,362 - __main__ - INFO - Datos procesados: Producto 1, Calidad: OK
2025-06-30 16:45:36,881 - __main__ - INFO - Datos procesados: Producto 4, Calidad: OK
2025-06-30 16:45:39,408 - __main__ - INFO - Datos procesados: Producto 4, Calidad: NOK
2025-06-30 16:45:41,933 - __main__ - INFO - Datos procesados: Producto 4, Calidad: OK
2025-06-30 16:45:44,464 - __main__ - INFO - Datos procesados: Producto 4, Calidad: OK
2025-06-30 16:45:46,982 - __main__ - INFO - Datos procesados: Producto 4, Calidad: OK
2025-06-30 16:45:49,509 - __main__ - INFO - Datos procesados: Producto 4, Calidad: NOK
2025-06-30 16:45:52,031 - __main__ - INFO - Datos procesados: Producto 4, Calidad: NOK
2025-06-30 16:45:54,565 - __main__ - INFO - Datos procesados: Producto 4, Calidad: OK
2025-06-30 16:45:57,083 - __main__ - INFO - Datos procesados: Producto 4, Calidad: OK
2025-06-30 16:45:59,613 - __main__ - INFO - Datos procesados: Producto 4, Calidad: OK
2025-06-30 16:46:02,133 - __main__ - INFO - Datos procesados: Producto 4, Calidad: OK
2025-06-30 16:46:04,649 - __main__ - INFO - Datos procesados: Producto 4, Calidad: OK
2025-06-30 16:46:07,184 - __main__ - INFO - Datos procesados: Producto 4, Calidad: NOK
2025-06-30 16:46:09,707 - __main__ - INFO - Datos procesados: Producto 4, Calidad: OK
2025-06-30 16:46:12,229 - __main__ - INFO - Datos procesados: Producto 4, Calidad: OK
2025-06-30 16:46:14,749 - __main__ - INFO - Datos procesados: Producto 4, Calidad: OK
2025-06-30 16:46:17,280 - __main__ - INFO - Datos procesados: Producto 3, Calidad: NOK
2025-06-30 16:46:19,813 - __main__ - INFO - Datos procesados: Producto 3, Calidad: OK
2025-06-30 16:46:22,333 - __main__ - INFO - Datos procesados: Producto 3, Calidad: OK
2025-06-30 16:46:24,863 - __main__ - INFO - Datos procesados: Producto 3, Calidad: OK
2025-06-30 16:46:27,380 - __main__ - INFO - Datos procesados: Producto 3, Calidad: OK
2025-06-30 16:46:29,897 - __main__ - INFO - Datos procesados: Producto 3, Calidad: OK
2025-06-30 16:46:32,431 - __main__ - INFO - Datos procesados: Producto 3, Calidad: OK
2025-06-30 16:46:34,956 - __main__ - INFO - Datos procesados: Producto 3, Calidad: OK
2025-06-30 16:46:37,481 - __main__ - INFO - Datos procesados: Producto 3, Calidad: NOK
2025-06-30 16:46:40,000 - __main__ - INFO - Datos procesados: Producto 3, Calidad: OK
2025-06-30 16:46:42,532 - __main__ - INFO - Datos procesados: Producto 3, Calidad: OK
2025-06-30 16:46:45,048 - __main__ - INFO - Datos procesados: Producto 3, Calidad: OK
2025-06-30 16:46:47,582 - __main__ - INFO - Datos procesados: Producto 3, Calidad: OK
2025-06-30 16:46:50,098 - __main__ - INFO - Datos procesados: Producto 3, Calidad: OK
2025-06-30 16:46:52,628 - __main__ - INFO - Datos procesados: Producto 3, Calidad: OK
2025-06-30 16:46:55,148 - __main__ - INFO - Datos procesados: Producto 3, Calidad: OK
2025-06-30 16:46:57,680 - __main__ - INFO - Datos procesados: Producto 4, Calidad: OK
2025-06-30 16:47:00,199 - __main__ - INFO - Datos procesados: Producto 4, Calidad: OK
2025-06-30 16:47:02,715 - __main__ - INFO - Datos procesados: Producto 4, Calidad: NOK
2025-06-30 16:47:05,232 - __main__ - INFO - Datos procesados: Producto 4, Calidad: OK
2025-06-30 16:47:07,758 - __main__ - INFO - Datos procesados: Producto 4, Calidad: OK
2025-06-30 16:47:10,283 - __main__ - INFO - Datos procesados: Producto 4, Calidad: OK
2025-06-30 16:47:12,814 - __main__ - INFO - Datos procesados: Producto 4, Calidad: OK
2025-06-30 16:47:15,347 - __main__ - INFO - Datos procesados: Producto 4, Calidad: OK
2025-06-30 16:47:17,866 - __main__ - INFO - Datos procesados: Producto 4, Calidad: OK
2025-06-30 16:47:20,392 - __main__ - INFO - Datos procesados: Producto 4, Calidad: OK
2025-06-30 16:47:22,909 - __main__ - INFO - Datos procesados: Producto 4, Calidad: OK
2025-06-30 16:47:25,427 - __main__ - INFO - Datos procesados: Producto 4, Calidad: OK
2025-06-30 16:47:27,949 - __main__ - INFO - Datos procesados: Producto 4, Calidad: OK
2025-06-30 16:47:30,478 - __main__ - INFO - Datos procesados: Producto 4, Calidad: OK
2025-06-30 16:47:32,999 - __main__ - INFO - Datos procesados: Producto 4, Calidad: OK
2025-06-30 16:47:35,516 - __main__ - INFO - Datos procesados: Producto 4, Calidad: OK
2025-06-30 16:47:38,047 - __main__ - INFO - Datos procesados: Producto 4, Calidad: OK
2025-06-30 16:47:40,575 - __main__ - INFO - Datos procesados: Producto 4, Calidad: OK
2025-06-30 16:47:43,099 - __main__ - INFO - Datos procesados: Producto 4, Calidad: OK
2025-06-30 16:47:45,623 - __main__ - INFO - Datos procesados: Producto 4, Calidad: OK
2025-06-30 16:47:48,147 - __main__ - INFO - Datos procesados: Producto 4, Calidad: NOK
2025-06-30 16:47:50,681 - __main__ - INFO - Datos procesados: Producto 4, Calidad: OK
2025-06-30 16:47:53,217 - __main__ - INFO - Datos procesados: Producto 4, Calidad: OK
2025-06-30 16:47:55,748 - __main__ - INFO - Datos procesados: Producto 4, Calidad: OK
2025-06-30 16:47:58,264 - __main__ - INFO - Datos procesados: Producto 4, Calidad: OK
2025-06-30 16:48:00,797 - __main__ - INFO - Datos procesados: Producto 4, Calidad: OK
2025-06-30 16:48:03,329 - __main__ - INFO - Datos procesados: Producto 4, Calidad: OK
2025-06-30 16:48:05,849 - __main__ - INFO - Datos procesados: Producto 3, Calidad: OK
2025-06-30 16:48:08,382 - __main__ - INFO - Datos procesados: Producto 3, Calidad: OK
2025-06-30 16:48:10,912 - __main__ - INFO - Datos procesados: Producto 3, Calidad: OK
2025-06-30 16:48:13,430 - __main__ - INFO - Datos procesados: Producto 3, Calidad: OK
2025-06-30 16:48:15,949 - __main__ - INFO - Datos procesados: Producto 3, Calidad: OK
2025-06-30 16:48:18,481 - __main__ - INFO - Datos procesados: Producto 3, Calidad: OK
2025-06-30 16:48:20,999 - __main__ - INFO - Datos procesados: Producto 3, Calidad: NOK
2025-06-30 16:48:23,534 - __main__ - INFO - Datos procesados: Producto 4, Calidad: OK
2025-06-30 16:48:26,065 - __main__ - INFO - Datos procesados: Producto 4, Calidad: OK
2025-06-30 16:48:28,599 - __main__ - INFO - Datos procesados: Producto 4, Calidad: OK
2025-06-30 16:48:31,131 - __main__ - INFO - Datos procesados: Producto 4, Calidad: NOK
2025-06-30 16:48:33,648 - __main__ - INFO - Datos procesados: Producto 4, Calidad: OK
2025-06-30 16:48:36,168 - __main__ - INFO - Datos procesados: Producto 4, Calidad: OK
2025-06-30 16:48:38,698 - __main__ - INFO - Datos procesados: Producto 4, Calidad: OK
2025-06-30 16:48:41,216 - __main__ - INFO - Datos procesados: Producto 4, Calidad: OK
2025-06-30 16:48:43,748 - __main__ - INFO - Datos procesados: Producto 4, Calidad: OK
2025-06-30 16:48:46,265 - __main__ - INFO - Datos procesados: Producto 4, Calidad: OK
2025-06-30 16:48:48,798 - __main__ - INFO - Datos procesados: Producto 4, Calidad: NOK
2025-06-30 16:48:51,315 - __main__ - INFO - Datos procesados: Producto 4, Calidad: OK
2025-06-30 16:48:53,832 - __main__ - INFO - Datos procesados: Producto 4, Calidad: OK
2025-06-30 16:48:56,350 - __main__ - INFO - Datos procesados: Producto 4, Calidad: OK
2025-06-30 16:48:58,880 - __main__ - INFO - Datos procesados: Producto 4, Calidad: OK
2025-06-30 16:49:01,399 - __main__ - INFO - Datos procesados: Producto 4, Calidad: OK
2025-06-30 16:49:03,914 - __main__ - INFO - Datos procesados: Producto 4, Calidad: OK
2025-06-30 16:49:06,432 - __main__ - INFO - Datos procesados: Producto 4, Calidad: OK
2025-06-30 16:49:08,965 - __main__ - INFO - Datos procesados: Producto 4, Calidad: OK
2025-06-30 16:49:11,483 - __main__ - INFO - Datos procesados: Producto 4, Calidad: NOK
2025-06-30 16:49:14,015 - __main__ - INFO - Datos procesados: Producto 4, Calidad: OK
2025-06-30 16:49:16,533 - __main__ - INFO - Datos procesados: Producto 4, Calidad: OK
2025-06-30 16:49:19,050 - __main__ - INFO - Datos procesados: Producto 4, Calidad: OK
2025-06-30 16:49:21,565 - __main__ - INFO - Datos procesados: Producto 4, Calidad: OK
2025-06-30 16:49:24,098 - __main__ - INFO - Datos procesados: Producto 4, Calidad: OK
2025-06-30 16:49:26,615 - __main__ - INFO - Datos procesados: Producto 4, Calidad: OK
2025-06-30 16:49:29,149 - __main__ - INFO - Datos procesados: Producto 4, Calidad: NOK
2025-06-30 16:49:31,666 - __main__ - INFO - Datos procesados: Producto 4, Calidad: OK
2025-06-30 16:49:34,183 - __main__ - INFO - Datos procesados: Producto 4, Calidad: OK
2025-06-30 16:49:36,699 - __main__ - INFO - Datos procesados: Producto 4, Calidad: OK
2025-06-30 16:49:39,217 - __main__ - INFO - Datos procesados: Producto 4, Calidad: OK
2025-06-30 16:49:41,749 - __main__ - INFO - Datos procesados: Producto 4, Calidad: OK
2025-06-30 16:49:44,282 - __main__ - INFO - Datos procesados: Producto 4, Calidad: OK
2025-06-30 16:49:46,815 - __main__ - INFO - Datos procesados: Producto 4, Calidad: OK
2025-06-30 16:49:49,348 - __main__ - INFO - Datos procesados: Producto 4, Calidad: OK
2025-06-30 16:49:51,883 - __main__ - INFO - Datos procesados: Producto 4, Calidad: OK
2025-06-30 16:49:54,416 - __main__ - INFO - Datos procesados: Producto 4, Calidad: OK
2025-06-30 16:49:56,936 - __main__ - INFO - Datos procesados: Producto 4, Calidad: OK
2025-06-30 16:49:59,482 - __main__ - INFO - Datos procesados: Producto 4, Calidad: NOK
2025-06-30 16:50:02,015 - __main__ - INFO - Datos procesados: Producto 4, Calidad: OK
2025-06-30 16:50:04,548 - __main__ - INFO - Datos procesados: Producto 4, Calidad: OK
2025-06-30 16:50:07,065 - __main__ - INFO - Datos procesados: Producto 4, Calidad: OK
2025-06-30 16:50:09,598 - __main__ - INFO - Datos procesados: Producto 4, Calidad: OK
2025-06-30 16:50:12,116 - __main__ - INFO - Datos procesados: Producto 4, Calidad: OK
2025-06-30 16:50:14,649 - __main__ - INFO - Datos procesados: Producto 4, Calidad: OK
2025-06-30 16:50:17,167 - __main__ - INFO - Datos procesados: Producto 4, Calidad: OK
2025-06-30 16:50:19,682 - __main__ - INFO - Datos procesados: Producto 4, Calidad: OK
2025-06-30 16:50:22,199 - __main__ - INFO - Datos procesados: Producto 4, Calidad: OK
2025-06-30 16:50:24,733 - __main__ - INFO - Datos procesados: Producto 2, Calidad: OK
2025-06-30 16:50:27,265 - __main__ - INFO - Datos procesados: Producto 2, Calidad: OK
2025-06-30 16:50:29,799 - __main__ - INFO - Datos procesados: Producto 2, Calidad: NOK
2025-06-30 16:50:32,332 - __main__ - INFO - Datos procesados: Producto 2, Calidad: OK
2025-06-30 16:50:34,849 - __main__ - INFO - Datos procesados: Producto 2, Calidad: OK
2025-06-30 16:50:37,365 - __main__ - INFO - Datos procesados: Producto 2, Calidad: OK
2025-06-30 16:50:39,899 - __main__ - INFO - Datos procesados: Producto 2, Calidad: OK
2025-06-30 16:50:42,432 - __main__ - INFO - Datos procesados: Producto 4, Calidad: OK
2025-06-30 16:50:44,965 - __main__ - INFO - Datos procesados: Producto 4, Calidad: OK
2025-06-30 16:50:47,497 - __main__ - INFO - Datos procesados: Producto 4, Calidad: OK
2025-06-30 16:50:50,015 - __main__ - INFO - Datos procesados: Producto 4, Calidad: OK
2025-06-30 16:50:52,548 - __main__ - INFO - Datos procesados: Producto 4, Calidad: OK
2025-06-30 16:50:55,066 - __main__ - INFO - Datos procesados: Producto 4, Calidad: OK
2025-06-30 16:50:57,583 - __main__ - INFO - Datos procesados: Producto 4, Calidad: OK
2025-06-30 16:51:00,098 - __main__ - INFO - Datos procesados: Producto 4, Calidad: OK
2025-06-30 16:51:02,632 - __main__ - INFO - Datos procesados: Producto 4, Calidad: OK
2025-06-30 16:51:05,149 - __main__ - INFO - Datos procesados: Producto 4, Calidad: OK
2025-06-30 16:51:07,683 - __main__ - INFO - Datos procesados: Producto 4, Calidad: OK
2025-06-30 16:51:10,215 - __main__ - INFO - Datos procesados: Producto 4, Calidad: OK
2025-06-30 16:51:12,733 - __main__ - INFO - Datos procesados: Producto 4, Calidad: OK
2025-06-30 16:51:15,264 - __main__ - INFO - Datos procesados: Producto 4, Calidad: OK
2025-06-30 16:51:17,783 - __main__ - INFO - Datos procesados: Producto 4, Calidad: OK
2025-06-30 16:51:20,299 - __main__ - INFO - Datos procesados: Producto 4, Calidad: OK
2025-06-30 16:51:22,816 - __main__ - INFO - Datos procesados: Producto 4, Calidad: OK
2025-06-30 16:51:25,349 - __main__ - INFO - Datos procesados: Producto 4, Calidad: OK
2025-06-30 16:51:27,882 - __main__ - INFO - Datos procesados: Producto 4, Calidad: OK
2025-06-30 16:51:30,416 - __main__ - INFO - Datos procesados: Producto 4, Calidad: OK
2025-06-30 16:51:32,933 - __main__ - INFO - Datos procesados: Producto 4, Calidad: OK
2025-06-30 16:51:35,465 - __main__ - INFO - Datos procesados: Producto 4, Calidad: OK
2025-06-30 16:51:37,982 - __main__ - INFO - Datos procesados: Producto 4, Calidad: OK
2025-06-30 16:51:40,502 - __main__ - INFO - Datos procesados: Producto 1, Calidad: OK
2025-06-30 16:51:43,032 - __main__ - INFO - Datos procesados: Producto 1, Calidad: OK
2025-06-30 16:51:45,569 - __main__ - INFO - Datos procesados: Producto 1, Calidad: OK
2025-06-30 16:51:48,090 - __main__ - INFO - Datos procesados: Producto 2, Calidad: OK
2025-06-30 16:51:50,616 - __main__ - INFO - Datos procesados: Producto 2, Calidad: NOK
2025-06-30 16:51:53,151 - __main__ - INFO - Datos procesados: Producto 2, Calidad: OK
2025-06-30 16:51:55,682 - __main__ - INFO - Datos procesados: Producto 2, Calidad: OK
2025-06-30 16:51:58,199 - __main__ - INFO - Datos procesados: Producto 1, Calidad: OK
2025-06-30 16:52:00,716 - __main__ - INFO - Datos procesados: Producto 4, Calidad: OK
2025-06-30 16:52:03,249 - __main__ - INFO - Datos procesados: Producto 4, Calidad: NOK
2025-06-30 16:52:05,766 - __main__ - INFO - Datos procesados: Producto 4, Calidad: OK
2025-06-30 16:52:08,285 - __main__ - INFO - Datos procesados: Producto 3, Calidad: OK
2025-06-30 16:52:10,816 - __main__ - INFO - Datos procesados: Producto 3, Calidad: OK
2025-06-30 16:52:13,347 - __main__ - INFO - Datos procesados: Producto 3, Calidad: OK
2025-06-30 16:52:15,866 - __main__ - INFO - Datos procesados: Producto 3, Calidad: OK
2025-06-30 16:52:18,382 - __main__ - INFO - Datos procesados: Producto 3, Calidad: OK
2025-06-30 16:52:20,898 - __main__ - INFO - Datos procesados: Producto 3, Calidad: OK
2025-06-30 16:52:23,431 - __main__ - INFO - Datos procesados: Producto 3, Calidad: OK
2025-06-30 16:52:25,949 - __main__ - INFO - Datos procesados: Producto 3, Calidad: OK
2025-06-30 16:52:28,468 - __main__ - INFO - Datos procesados: Producto 3, Calidad: OK
2025-06-30 16:52:30,998 - __main__ - INFO - Datos procesados: Producto 3, Calidad: OK
2025-06-30 16:52:33,515 - __main__ - INFO - Datos procesados: Producto 3, Calidad: OK
2025-06-30 16:52:36,049 - __main__ - INFO - Datos procesados: Producto 2, Calidad: OK
2025-06-30 16:52:38,582 - __main__ - INFO - Datos procesados: Producto 2, Calidad: OK
2025-06-30 16:52:41,115 - __main__ - INFO - Datos procesados: Producto 4, Calidad: OK
2025-06-30 16:52:43,649 - __main__ - INFO - Datos procesados: Producto 4, Calidad: OK
2025-06-30 16:52:46,183 - __main__ - INFO - Datos procesados: Producto 4, Calidad: OK
2025-06-30 16:52:48,714 - __main__ - INFO - Datos procesados: Producto 4, Calidad: OK
2025-06-30 16:52:51,231 - __main__ - INFO - Datos procesados: Producto 4, Calidad: OK
2025-06-30 16:52:53,764 - __main__ - INFO - Datos procesados: Producto 4, Calidad: OK
2025-06-30 16:52:56,282 - __main__ - INFO - Datos procesados: Producto 4, Calidad: OK
2025-06-30 16:52:58,818 - __main__ - INFO - Datos procesados: Producto 4, Calidad: NOK
2025-06-30 16:53:01,349 - __main__ - INFO - Datos procesados: Producto 4, Calidad: OK
2025-06-30 16:53:03,866 - __main__ - INFO - Datos procesados: Producto 4, Calidad: OK
2025-06-30 16:53:06,383 - __main__ - INFO - Datos procesados: Producto 4, Calidad: OK
2025-06-30 16:53:08,901 - __main__ - INFO - Datos procesados: Producto 4, Calidad: OK
2025-06-30 16:53:11,432 - __main__ - INFO - Datos procesados: Producto 4, Calidad: OK
2025-06-30 16:53:13,966 - __main__ - INFO - Datos procesados: Producto 4, Calidad: OK
2025-06-30 16:53:16,483 - __main__ - INFO - Datos procesados: Producto 2, Calidad: OK
2025-06-30 16:53:19,015 - __main__ - INFO - Datos procesados: Producto 2, Calidad: OK
2025-06-30 16:53:21,531 - __main__ - INFO - Datos procesados: Producto 2, Calidad: OK
2025-06-30 16:53:24,049 - __main__ - INFO - Datos procesados: Producto 2, Calidad: OK
2025-06-30 16:53:26,581 - __main__ - INFO - Datos procesados: Producto 2, Calidad: OK
2025-06-30 16:53:29,116 - __main__ - INFO - Datos procesados: Producto 2, Calidad: OK
2025-06-30 16:53:31,649 - __main__ - INFO - Datos procesados: Producto 2, Calidad: NOK
2025-06-30 16:53:34,166 - __main__ - INFO - Datos procesados: Producto 2, Calidad: OK
2025-06-30 16:53:36,698 - __main__ - INFO - Datos procesados: Producto 2, Calidad: OK
2025-06-30 16:53:39,217 - __main__ - INFO - Datos procesados: Producto 2, Calidad: OK
2025-06-30 16:53:41,748 - __main__ - INFO - Datos procesados: Producto 2, Calidad: OK
2025-06-30 16:53:44,266 - __main__ - INFO - Datos procesados: Producto 2, Calidad: OK
2025-06-30 16:53:46,794 - __main__ - INFO - Datos procesados: Producto 2, Calidad: OK
2025-06-30 16:53:49,316 - __main__ - INFO - Datos procesados: Producto 2, Calidad: OK
2025-06-30 16:53:51,844 - __main__ - INFO - Datos procesados: Producto 2, Calidad: OK
2025-06-30 16:53:54,366 - __main__ - INFO - Datos procesados: Producto 2, Calidad: OK
2025-06-30 16:53:56,891 - __main__ - INFO - Datos procesados: Producto 2, Calidad: OK
2025-06-30 16:53:59,415 - __main__ - INFO - Datos procesados: Producto 2, Calidad: OK
2025-06-30 16:54:01,948 - __main__ - INFO - Datos procesados: Producto 1, Calidad: OK
2025-06-30 16:54:04,475 - __main__ - INFO - Datos procesados: Producto 1, Calidad: OK
2025-06-30 16:54:07,005 - __main__ - INFO - Datos procesados: Producto 1, Calidad: OK
2025-06-30 16:54:09,532 - __main__ - INFO - Datos procesados: Producto 1, Calidad: OK
2025-06-30 16:54:12,062 - __main__ - INFO - Datos procesados: Producto 1, Calidad: OK
2025-06-30 16:54:14,582 - __main__ - INFO - Datos procesados: Producto 1, Calidad: OK
2025-06-30 16:54:17,099 - __main__ - INFO - Datos procesados: Producto 1, Calidad: NOK
2025-06-30 16:54:19,616 - __main__ - INFO - Datos procesados: Producto 1, Calidad: OK
2025-06-30 16:54:22,134 - __main__ - INFO - Datos procesados: Producto 1, Calidad: OK
2025-06-30 16:54:24,666 - __main__ - INFO - Datos procesados: Producto 1, Calidad: OK
2025-06-30 16:54:27,184 - __main__ - INFO - Datos procesados: Producto 1, Calidad: OK
2025-06-30 16:54:29,716 - __main__ - INFO - Datos procesados: Producto 1, Calidad: OK
2025-06-30 16:54:32,233 - __main__ - INFO - Datos procesados: Producto 1, Calidad: OK
2025-06-30 16:54:34,766 - __main__ - INFO - Datos procesados: Producto 2, Calidad: NOK
2025-06-30 16:54:37,299 - __main__ - INFO - Datos procesados: Producto 2, Calidad: OK
2025-06-30 16:54:39,816 - __main__ - INFO - Datos procesados: Producto 2, Calidad: OK
2025-06-30 16:54:42,332 - __main__ - INFO - Datos procesados: Producto 2, Calidad: OK
2025-06-30 16:54:44,848 - __main__ - INFO - Datos procesados: Producto 2, Calidad: OK
2025-06-30 16:54:47,366 - __main__ - INFO - Datos procesados: Producto 2, Calidad: OK
2025-06-30 16:54:49,899 - __main__ - INFO - Datos procesados: Producto 2, Calidad: OK
2025-06-30 16:54:52,416 - __main__ - INFO - Datos procesados: Producto 2, Calidad: OK
2025-06-30 16:54:54,933 - __main__ - INFO - Datos procesados: Producto 1, Calidad: OK
2025-06-30 16:54:57,466 - __main__ - INFO - Datos procesados: Producto 1, Calidad: OK
2025-06-30 16:54:59,984 - __main__ - INFO - Datos procesados: Producto 1, Calidad: OK
2025-06-30 16:55:02,502 - __main__ - INFO - Datos procesados: Producto 1, Calidad: OK
2025-06-30 16:55:05,033 - __main__ - INFO - Datos procesados: Producto 1, Calidad: OK
2025-06-30 16:55:07,549 - __main__ - INFO - Datos procesados: Producto 1, Calidad: OK
2025-06-30 16:55:10,066 - __main__ - INFO - Datos procesados: Producto 1, Calidad: OK
2025-06-30 16:55:12,599 - __main__ - INFO - Datos procesados: Producto 1, Calidad: OK
2025-06-30 16:55:15,116 - __main__ - INFO - Datos procesados: Producto 1, Calidad: OK
2025-06-30 16:55:17,650 - __main__ - INFO - Datos procesados: Producto 1, Calidad: OK
2025-06-30 16:55:20,183 - __main__ - INFO - Datos procesados: Producto 1, Calidad: NOK
2025-06-30 16:55:22,711 - __main__ - INFO - Datos procesados: Producto 1, Calidad: OK
2025-06-30 16:55:25,231 - __main__ - INFO - Datos procesados: Producto 1, Calidad: OK
2025-06-30 16:55:27,750 - __main__ - INFO - Datos procesados: Producto 1, Calidad: OK
2025-06-30 16:55:30,278 - __main__ - INFO - Datos procesados: Producto 1, Calidad: OK
2025-06-30 16:55:32,799 - __main__ - INFO - Datos procesados: Producto 1, Calidad: OK
2025-06-30 16:55:35,317 - __main__ - INFO - Datos procesados: Producto 1, Calidad: OK
2025-06-30 16:55:37,850 - __main__ - INFO - Datos procesados: Producto 1, Calidad: OK
2025-06-30 16:55:40,382 - __main__ - INFO - Datos procesados: Producto 4, Calidad: OK
2025-06-30 16:55:42,900 - __main__ - INFO - Datos procesados: Producto 2, Calidad: OK
2025-06-30 16:55:45,417 - __main__ - INFO - Datos procesados: Producto 2, Calidad: OK
2025-06-30 16:55:47,934 - __main__ - INFO - Datos procesados: Producto 2, Calidad: OK
2025-06-30 16:55:50,451 - __main__ - INFO - Datos procesados: Producto 2, Calidad: OK
2025-06-30 16:55:52,983 - __main__ - INFO - Datos procesados: Producto 2, Calidad: OK
2025-06-30 16:55:55,499 - __main__ - INFO - Datos procesados: Producto 2, Calidad: OK
2025-06-30 16:55:58,016 - __main__ - INFO - Datos procesados: Producto 2, Calidad: OK
2025-06-30 16:56:00,532 - __main__ - INFO - Datos procesados: Producto 2, Calidad: OK
2025-06-30 16:56:03,050 - __main__ - INFO - Datos procesados: Producto 2, Calidad: OK
2025-06-30 16:56:05,583 - __main__ - INFO - Datos procesados: Producto 2, Calidad: OK
2025-06-30 16:56:08,115 - __main__ - INFO - Datos procesados: Producto 2, Calidad: OK
2025-06-30 16:56:10,634 - __main__ - INFO - Datos procesados: Producto 2, Calidad: OK
2025-06-30 16:56:13,167 - __main__ - INFO - Datos procesados: Producto 3, Calidad: OK
2025-06-30 16:56:15,684 - __main__ - INFO - Datos procesados: Producto 3, Calidad: OK
2025-06-30 16:56:18,201 - __main__ - INFO - Datos procesados: Producto 3, Calidad: OK
2025-06-30 16:56:20,732 - __main__ - INFO - Datos procesados: Producto 3, Calidad: NOK
2025-06-30 16:56:23,266 - __main__ - INFO - Datos procesados: Producto 3, Calidad: NOK
2025-06-30 16:56:25,783 - __main__ - INFO - Datos procesados: Producto 3, Calidad: OK
2025-06-30 16:56:28,298 - __main__ - INFO - Datos procesados: Producto 3, Calidad: OK
2025-06-30 16:56:30,816 - __main__ - INFO - Datos procesados: Producto 3, Calidad: OK
2025-06-30 16:56:33,335 - __main__ - INFO - Datos procesados: Producto 3, Calidad: OK
2025-06-30 16:56:35,868 - __main__ - INFO - Datos procesados: Producto 3, Calidad: OK
2025-06-30 16:56:38,400 - __main__ - INFO - Datos procesados: Producto 3, Calidad: OK
2025-06-30 16:56:40,915 - __main__ - INFO - Datos procesados: Producto 3, Calidad: OK
2025-06-30 16:56:43,433 - __main__ - INFO - Datos procesados: Producto 3, Calidad: NOK
2025-06-30 16:56:45,950 - __main__ - INFO - Datos procesados: Producto 3, Calidad: OK
2025-06-30 16:56:48,467 - __main__ - INFO - Datos procesados: Producto 3, Calidad: OK
2025-06-30 16:56:50,985 - __main__ - INFO - Datos procesados: Producto 3, Calidad: OK
2025-06-30 16:56:53,516 - __main__ - INFO - Datos procesados: Producto 3, Calidad: OK
2025-06-30 16:56:56,033 - __main__ - INFO - Datos procesados: Producto 3, Calidad: OK
2025-06-30 16:56:58,549 - __main__ - INFO - Datos procesados: Producto 3, Calidad: OK
2025-06-30 16:57:01,066 - __main__ - INFO - Datos procesados: Producto 3, Calidad: OK
2025-06-30 16:57:03,582 - __main__ - INFO - Datos procesados: Producto 3, Calidad: OK
2025-06-30 16:57:06,099 - __main__ - INFO - Datos procesados: Producto 1, Calidad: OK
2025-06-30 16:57:08,633 - __main__ - INFO - Datos procesados: Producto 1, Calidad: OK
2025-06-30 16:57:11,149 - __main__ - INFO - Datos procesados: Producto 1, Calidad: OK
2025-06-30 16:57:13,682 - __main__ - INFO - Datos procesados: Producto 1, Calidad: OK
2025-06-30 16:57:16,200 - __main__ - INFO - Datos procesados: Producto 1, Calidad: OK
2025-06-30 16:57:18,732 - __main__ - INFO - Datos procesados: Producto 1, Calidad: OK
2025-06-30 16:57:21,250 - __main__ - INFO - Datos procesados: Producto 1, Calidad: OK
2025-06-30 16:57:23,782 - __main__ - INFO - Datos procesados: Producto 1, Calidad: OK
2025-06-30 16:57:26,301 - __main__ - INFO - Datos procesados: Producto 1, Calidad: OK
2025-06-30 16:57:28,833 - __main__ - INFO - Datos procesados: Producto 1, Calidad: OK
2025-06-30 16:57:31,365 - __main__ - INFO - Datos procesados: Producto 1, Calidad: OK
2025-06-30 16:57:33,899 - __main__ - INFO - Datos procesados: Producto 1, Calidad: OK
2025-06-30 16:57:36,415 - __main__ - INFO - Datos procesados: Producto 1, Calidad: OK
2025-06-30 16:57:38,949 - __main__ - INFO - Datos procesados: Producto 1, Calidad: OK
2025-06-30 16:57:41,482 - __main__ - INFO - Datos procesados: Producto 1, Calidad: OK
2025-06-30 16:57:44,015 - __main__ - INFO - Datos procesados: Producto 1, Calidad: OK
2025-06-30 16:57:46,549 - __main__ - INFO - Datos procesados: Producto 1, Calidad: OK
2025-06-30 16:57:49,066 - __main__ - INFO - Datos procesados: Producto 1, Calidad: OK
2025-06-30 16:57:51,583 - __main__ - INFO - Datos procesados: Producto 1, Calidad: OK
2025-06-30 16:57:54,116 - __main__ - INFO - Datos procesados: Producto 1, Calidad: OK
2025-06-30 16:57:56,649 - __main__ - INFO - Datos procesados: Producto 1, Calidad: NOK
2025-06-30 16:57:59,167 - __main__ - INFO - Datos procesados: Producto 3, Calidad: NOK
2025-06-30 16:58:01,698 - __main__ - INFO - Datos procesados: Producto 3, Calidad: OK
2025-06-30 16:58:04,224 - __main__ - INFO - Datos procesados: Producto 3, Calidad: OK
2025-06-30 16:58:06,749 - __main__ - INFO - Datos procesados: Producto 3, Calidad: OK
2025-06-30 16:58:09,283 - __main__ - INFO - Datos procesados: Producto 3, Calidad: OK
2025-06-30 16:58:11,816 - __main__ - INFO - Datos procesados: Producto 4, Calidad: OK
2025-06-30 16:58:14,349 - __main__ - INFO - Datos procesados: Producto 4, Calidad: OK
2025-06-30 16:58:16,883 - __main__ - INFO - Datos procesados: Producto 4, Calidad: OK
2025-06-30 16:58:19,401 - __main__ - INFO - Datos procesados: Producto 4, Calidad: OK
2025-06-30 16:58:21,932 - __main__ - INFO - Datos procesados: Producto 4, Calidad: OK
2025-06-30 16:58:24,450 - __main__ - INFO - Datos procesados: Producto 4, Calidad: OK
2025-06-30 16:58:26,982 - __main__ - INFO - Datos procesados: Producto 4, Calidad: OK
2025-06-30 16:58:29,499 - __main__ - INFO - Datos procesados: Producto 4, Calidad: OK
2025-06-30 16:58:32,033 - __main__ - INFO - Datos procesados: Producto 4, Calidad: OK
2025-06-30 16:58:34,566 - __main__ - INFO - Datos procesados: Producto 4, Calidad: OK
2025-06-30 16:58:37,083 - __main__ - INFO - Datos procesados: Producto 4, Calidad: OK
2025-06-30 16:58:39,599 - __main__ - INFO - Datos procesados: Producto 4, Calidad: OK
2025-06-30 16:58:42,132 - __main__ - INFO - Datos procesados: Producto 4, Calidad: OK
2025-06-30 16:58:44,659 - __main__ - INFO - Datos procesados: Producto 4, Calidad: OK
2025-06-30 16:58:47,183 - __main__ - INFO - Datos procesados: Producto 4, Calidad: OK
2025-06-30 16:58:49,713 - __main__ - INFO - Datos procesados: Producto 4, Calidad: NOK
2025-06-30 16:58:52,270 - __main__ - INFO - Datos procesados: Producto 4, Calidad: OK
2025-06-30 16:58:54,793 - __main__ - INFO - Datos procesados: Producto 4, Calidad: OK
2025-06-30 16:58:57,311 - __main__ - INFO - Datos procesados: Producto 4, Calidad: NOK
2025-06-30 16:58:59,842 - __main__ - INFO - Datos procesados: Producto 4, Calidad: OK
2025-06-30 16:59:02,377 - __main__ - INFO - Datos procesados: Producto 4, Calidad: OK
2025-06-30 16:59:04,920 - __main__ - INFO - Datos procesados: Producto 4, Calidad: OK
2025-06-30 16:59:07,445 - __main__ - INFO - Datos procesados: Producto 1, Calidad: OK
2025-06-30 16:59:09,981 - __main__ - INFO - Datos procesados: Producto 1, Calidad: OK
2025-06-30 16:59:12,504 - __main__ - INFO - Datos procesados: Producto 1, Calidad: OK
2025-06-30 16:59:15,022 - __main__ - INFO - Datos procesados: Producto 3, Calidad: OK
2025-06-30 16:59:17,544 - __main__ - INFO - Datos procesados: Producto 3, Calidad: OK
2025-06-30 16:59:20,097 - __main__ - INFO - Datos procesados: Producto 3, Calidad: OK
2025-06-30 16:59:22,634 - __main__ - INFO - Datos procesados: Producto 3, Calidad: OK
2025-06-30 16:59:25,151 - __main__ - INFO - Datos procesados: Producto 3, Calidad: OK
2025-06-30 16:59:27,675 - __main__ - INFO - Datos procesados: Producto 3, Calidad: OK
2025-06-30 16:59:30,206 - __main__ - INFO - Datos procesados: Producto 3, Calidad: OK
2025-06-30 16:59:32,736 - __main__ - INFO - Datos procesados: Producto 3, Calidad: OK
2025-06-30 16:59:35,281 - __main__ - INFO - Datos procesados: Producto 3, Calidad: OK
2025-06-30 16:59:37,823 - __main__ - INFO - Datos procesados: Producto 3, Calidad: OK
2025-06-30 16:59:40,361 - __main__ - INFO - Datos procesados: Producto 3, Calidad: OK
2025-06-30 16:59:42,879 - __main__ - INFO - Datos procesados: Producto 3, Calidad: OK
2025-06-30 16:59:45,398 - __main__ - INFO - Datos procesados: Producto 3, Calidad: OK
2025-06-30 16:59:47,920 - __main__ - INFO - Datos procesados: Producto 3, Calidad: OK
2025-06-30 16:59:50,443 - __main__ - INFO - Datos procesados: Producto 3, Calidad: OK
2025-06-30 16:59:52,977 - __main__ - INFO - Datos procesados: Producto 3, Calidad: OK
2025-06-30 16:59:55,503 - __main__ - INFO - Datos procesados: Producto 3, Calidad: OK
2025-06-30 16:59:58,049 - __main__ - INFO - Datos procesados: Producto 3, Calidad: OK
2025-06-30 17:00:00,574 - __main__ - INFO - Datos procesados: Producto 3, Calidad: OK
2025-06-30 17:00:03,108 - __main__ - INFO - Datos procesados: Producto 3, Calidad: OK
2025-06-30 17:00:05,633 - __main__ - INFO - Datos procesados: Producto 3, Calidad: OK
2025-06-30 17:00:08,150 - __main__ - INFO - Datos procesados: Producto 3, Calidad: OK
2025-06-30 17:00:10,673 - __main__ - INFO - Datos procesados: Producto 3, Calidad: OK
2025-06-30 17:00:13,196 - __main__ - INFO - Datos procesados: Producto 3, Calidad: OK
2025-06-30 17:00:15,748 - __main__ - INFO - Datos procesados: Producto 3, Calidad: NOK
2025-06-30 17:00:18,270 - __main__ - INFO - Datos procesados: Producto 3, Calidad: OK
2025-06-30 17:00:20,803 - __main__ - INFO - Datos procesados: Producto 3, Calidad: OK
2025-06-30 17:00:23,332 - __main__ - INFO - Datos procesados: Producto 3, Calidad: OK
2025-06-30 17:00:25,862 - __main__ - INFO - Datos procesados: Producto 3, Calidad: OK
2025-06-30 17:00:28,416 - __main__ - INFO - Datos procesados: Producto 3, Calidad: OK
2025-06-30 17:00:30,945 - __main__ - INFO - Datos procesados: Producto 3, Calidad: OK
2025-06-30 17:00:33,462 - __main__ - INFO - Datos procesados: Producto 3, Calidad: OK
2025-06-30 17:00:35,993 - __main__ - INFO - Datos procesados: Producto 3, Calidad: OK
2025-06-30 17:00:38,517 - __main__ - INFO - Datos procesados: Producto 3, Calidad: OK
2025-06-30 17:00:41,048 - __main__ - INFO - Datos procesados: Producto 3, Calidad: OK
2025-06-30 17:00:43,571 - __main__ - INFO - Datos procesados: Producto 3, Calidad: OK
2025-06-30 17:00:46,089 - __main__ - INFO - Datos procesados: Producto 3, Calidad: OK
2025-06-30 17:00:48,613 - __main__ - INFO - Datos procesados: Producto 3, Calidad: OK
2025-06-30 17:00:51,131 - __main__ - INFO - Datos procesados: Producto 3, Calidad: NOK
2025-06-30 17:00:53,653 - __main__ - INFO - Datos procesados: Producto 3, Calidad: OK
2025-06-30 17:00:56,176 - __main__ - INFO - Datos procesados: Producto 3, Calidad: NOK
2025-06-30 17:00:58,694 - __main__ - INFO - Datos procesados: Producto 3, Calidad: OK
2025-06-30 17:01:01,211 - __main__ - INFO - Datos procesados: Producto 3, Calidad: OK
2025-06-30 17:01:03,738 - __main__ - INFO - Datos procesados: Producto 1, Calidad: OK
2025-06-30 17:01:06,259 - __main__ - INFO - Datos procesados: Producto 1, Calidad: OK
2025-06-30 17:01:08,778 - __main__ - INFO - Datos procesados: Producto 1, Calidad: OK
2025-06-30 17:01:11,304 - __main__ - INFO - Datos procesados: Producto 1, Calidad: OK
2025-06-30 17:01:13,836 - __main__ - INFO - Datos procesados: Producto 1, Calidad: OK
2025-06-30 17:01:16,373 - __main__ - INFO - Datos procesados: Producto 3, Calidad: OK
2025-06-30 17:01:18,902 - __main__ - INFO - Datos procesados: Producto 3, Calidad: OK
2025-06-30 17:01:21,433 - __main__ - INFO - Datos procesados: Producto 3, Calidad: OK
2025-06-30 17:01:23,982 - __main__ - INFO - Datos procesados: Producto 3, Calidad: OK
2025-06-30 17:01:26,525 - __main__ - INFO - Datos procesados: Producto 3, Calidad: OK
2025-06-30 17:01:29,074 - __main__ - INFO - Datos procesados: Producto 3, Calidad: OK
2025-06-30 17:01:31,596 - __main__ - INFO - Datos procesados: Producto 3, Calidad: OK
2025-06-30 17:01:34,131 - __main__ - INFO - Datos procesados: Producto 3, Calidad: OK
2025-06-30 17:01:36,666 - __main__ - INFO - Datos procesados: Producto 3, Calidad: OK
2025-06-30 17:01:39,194 - __main__ - INFO - Datos procesados: Producto 3, Calidad: OK
2025-06-30 17:01:41,709 - __main__ - INFO - Datos procesados: Producto 3, Calidad: NOK
2025-06-30 17:01:44,233 - __main__ - INFO - Datos procesados: Producto 3, Calidad: NOK
2025-06-30 17:01:46,765 - __main__ - INFO - Datos procesados: Producto 3, Calidad: OK
2025-06-30 17:01:49,290 - __main__ - INFO - Datos procesados: Producto 3, Calidad: OK
2025-06-30 17:01:51,809 - __main__ - INFO - Datos procesados: Producto 3, Calidad: OK
2025-06-30 17:01:54,328 - __main__ - INFO - Datos procesados: Producto 3, Calidad: OK
2025-06-30 17:01:56,848 - __main__ - INFO - Datos procesados: Producto 3, Calidad: OK
2025-06-30 17:01:59,383 - __main__ - INFO - Datos procesados: Producto 3, Calidad: OK
2025-06-30 17:02:01,924 - __main__ - INFO - Datos procesados: Producto 3, Calidad: OK
2025-06-30 17:02:04,462 - __main__ - INFO - Datos procesados: Producto 3, Calidad: OK
2025-06-30 17:02:06,984 - __main__ - INFO - Datos procesados: Producto 3, Calidad: OK
2025-06-30 17:02:09,505 - __main__ - INFO - Datos procesados: Producto 3, Calidad: OK
2025-06-30 17:02:12,037 - __main__ - INFO - Datos procesados: Producto 3, Calidad: OK
2025-06-30 17:02:14,561 - __main__ - INFO - Datos procesados: Producto 3, Calidad: OK
2025-06-30 17:02:17,083 - __main__ - INFO - Datos procesados: Producto 3, Calidad: OK
2025-06-30 17:02:19,618 - __main__ - INFO - Datos procesados: Producto 3, Calidad: NOK
2025-06-30 17:02:22,154 - __main__ - INFO - Datos procesados: Producto 3, Calidad: OK
2025-06-30 17:02:24,688 - __main__ - INFO - Datos procesados: Producto 3, Calidad: OK
2025-06-30 17:02:27,236 - __main__ - INFO - Datos procesados: Producto 3, Calidad: OK
2025-06-30 17:02:29,781 - __main__ - INFO - Datos procesados: Producto 3, Calidad: OK
2025-06-30 17:02:32,306 - __main__ - INFO - Datos procesados: Producto 3, Calidad: OK
2025-06-30 17:02:34,837 - __main__ - INFO - Datos procesados: Producto 3, Calidad: OK
2025-06-30 17:02:37,360 - __main__ - INFO - Datos procesados: Producto 3, Calidad: OK
2025-06-30 17:02:39,879 - __main__ - INFO - Datos procesados: Producto 3, Calidad: OK
2025-06-30 17:02:42,398 - __main__ - INFO - Datos procesados: Producto 3, Calidad: NOK
2025-06-30 17:02:44,919 - __main__ - INFO - Datos procesados: Producto 3, Calidad: OK
2025-06-30 17:02:47,444 - __main__ - INFO - Datos procesados: Producto 3, Calidad: OK
2025-06-30 17:02:49,979 - __main__ - INFO - Datos procesados: Producto 3, Calidad: OK
2025-06-30 17:02:52,504 - __main__ - INFO - Datos procesados: Producto 3, Calidad: OK
2025-06-30 17:02:55,032 - __main__ - INFO - Datos procesados: Producto 3, Calidad: OK
2025-06-30 17:02:57,553 - __main__ - INFO - Datos procesados: Producto 3, Calidad: OK
2025-06-30 17:03:00,069 - __main__ - INFO - Datos procesados: Producto 3, Calidad: OK
2025-06-30 17:03:02,605 - __main__ - INFO - Datos procesados: Producto 3, Calidad: OK
2025-06-30 17:03:05,133 - __main__ - INFO - Datos procesados: Producto 3, Calidad: OK
2025-06-30 17:03:07,656 - __main__ - INFO - Datos procesados: Producto 3, Calidad: OK
2025-06-30 17:03:10,201 - __main__ - INFO - Datos procesados: Producto 3, Calidad: OK
2025-06-30 17:03:12,721 - __main__ - INFO - Datos procesados: Producto 3, Calidad: OK
2025-06-30 17:03:15,248 - __main__ - INFO - Datos procesados: Producto 3, Calidad: OK
2025-06-30 17:03:17,784 - __main__ - INFO - Datos procesados: Producto 3, Calidad: OK
2025-06-30 17:03:20,323 - __main__ - INFO - Datos procesados: Producto 3, Calidad: OK
2025-06-30 17:03:22,856 - __main__ - INFO - Datos procesados: Producto 3, Calidad: NOK
2025-06-30 17:03:25,377 - __main__ - INFO - Datos procesados: Producto 3, Calidad: OK
2025-06-30 17:03:27,904 - __main__ - INFO - Datos procesados: Producto 3, Calidad: OK
2025-06-30 17:03:30,504 - __main__ - INFO - Datos procesados: Producto 3, Calidad: OK
2025-06-30 17:03:33,049 - __main__ - INFO - Datos procesados: Producto 3, Calidad: OK
2025-06-30 17:03:35,582 - __main__ - INFO - Datos procesados: Producto 3, Calidad: OK
2025-06-30 17:03:38,117 - __main__ - INFO - Datos procesados: Producto 3, Calidad: OK
2025-06-30 17:03:40,646 - __main__ - INFO - Datos procesados: Producto 3, Calidad: OK
2025-06-30 17:03:43,165 - __main__ - INFO - Datos procesados: Producto 3, Calidad: OK
2025-06-30 17:03:45,701 - __main__ - INFO - Datos procesados: Producto 3, Calidad: OK
2025-06-30 17:03:48,247 - __main__ - INFO - Datos procesados: Producto 3, Calidad: OK
2025-06-30 17:03:50,782 - __main__ - INFO - Datos procesados: Producto 3, Calidad: OK
2025-06-30 17:03:53,301 - __main__ - INFO - Datos procesados: Producto 3, Calidad: OK
2025-06-30 17:03:55,832 - __main__ - INFO - Datos procesados: Producto 3, Calidad: OK
2025-06-30 17:03:58,366 - __main__ - INFO - Datos procesados: Producto 3, Calidad: OK
2025-06-30 17:04:00,899 - __main__ - INFO - Datos procesados: Producto 3, Calidad: NOK
2025-06-30 17:04:03,436 - __main__ - INFO - Datos procesados: Producto 3, Calidad: NOK
2025-06-30 17:04:05,966 - __main__ - INFO - Datos procesados: Producto 3, Calidad: OK
2025-06-30 17:04:08,488 - __main__ - INFO - Datos procesados: Producto 3, Calidad: NOK
2025-06-30 17:04:11,009 - __main__ - INFO - Datos procesados: Producto 3, Calidad: OK
2025-06-30 17:04:13,544 - __main__ - INFO - Datos procesados: Producto 3, Calidad: OK
2025-06-30 17:04:16,121 - __main__ - INFO - Datos procesados: Producto 3, Calidad: OK
2025-06-30 17:04:18,658 - __main__ - INFO - Datos procesados: Producto 3, Calidad: OK
2025-06-30 17:04:21,180 - __main__ - INFO - Datos procesados: Producto 3, Calidad: OK
2025-06-30 17:04:23,705 - __main__ - INFO - Datos procesados: Producto 3, Calidad: OK
2025-06-30 17:04:26,231 - __main__ - INFO - Datos procesados: Producto 3, Calidad: OK
2025-06-30 17:04:28,760 - __main__ - INFO - Datos procesados: Producto 3, Calidad: OK
2025-06-30 17:04:31,277 - __main__ - INFO - Datos procesados: Producto 3, Calidad: NOK
2025-06-30 17:04:33,808 - __main__ - INFO - Datos procesados: Producto 3, Calidad: OK
2025-06-30 17:04:36,326 - __main__ - INFO - Datos procesados: Producto 3, Calidad: OK
2025-06-30 17:04:38,854 - __main__ - INFO - Datos procesados: Producto 3, Calidad: OK
2025-06-30 17:04:41,374 - __main__ - INFO - Datos procesados: Producto 3, Calidad: OK
2025-06-30 17:04:43,899 - __main__ - INFO - Datos procesados: Producto 3, Calidad: OK
2025-06-30 17:04:46,422 - __main__ - INFO - Datos procesados: Producto 3, Calidad: OK
2025-06-30 17:04:48,952 - __main__ - INFO - Datos procesados: Producto 3, Calidad: OK
2025-06-30 17:04:51,478 - __main__ - INFO - Datos procesados: Producto 3, Calidad: OK
2025-06-30 17:04:54,001 - __main__ - INFO - Datos procesados: Producto 3, Calidad: OK
2025-06-30 17:04:56,535 - __main__ - INFO - Datos procesados: Producto 3, Calidad: OK
2025-06-30 17:04:59,067 - __main__ - INFO - Datos procesados: Producto 3, Calidad: NOK
2025-06-30 17:05:01,588 - __main__ - INFO - Datos procesados: Producto 3, Calidad: OK
2025-06-30 17:05:04,108 - __main__ - INFO - Datos procesados: Producto 3, Calidad: OK
2025-06-30 17:05:06,627 - __main__ - INFO - Datos procesados: Producto 3, Calidad: NOK
2025-06-30 17:05:09,176 - __main__ - INFO - Datos procesados: Producto 3, Calidad: OK
2025-06-30 17:05:11,695 - __main__ - INFO - Datos procesados: Producto 3, Calidad: NOK
2025-06-30 17:05:14,224 - __main__ - INFO - Datos procesados: Producto 3, Calidad: OK
2025-06-30 17:05:16,748 - __main__ - INFO - Datos procesados: Producto 3, Calidad: OK
2025-06-30 17:05:19,292 - __main__ - INFO - Datos procesados: Producto 3, Calidad: OK
2025-06-30 17:05:21,807 - __main__ - INFO - Datos procesados: Producto 2, Calidad: NOK
2025-06-30 17:05:24,333 - __main__ - INFO - Datos procesados: Producto 2, Calidad: OK
2025-06-30 17:05:26,881 - __main__ - INFO - Datos procesados: Producto 2, Calidad: OK
2025-06-30 17:05:29,401 - __main__ - INFO - Datos procesados: Producto 2, Calidad: OK
2025-06-30 17:05:31,936 - __main__ - INFO - Datos procesados: Producto 2, Calidad: OK
2025-06-30 17:05:34,460 - __main__ - INFO - Datos procesados: Producto 2, Calidad: OK
2025-06-30 17:05:36,977 - __main__ - INFO - Datos procesados: Producto 2, Calidad: OK
2025-06-30 17:05:39,498 - __main__ - INFO - Datos procesados: Producto 2, Calidad: OK
2025-06-30 17:05:42,018 - __main__ - INFO - Datos procesados: Producto 2, Calidad: OK
2025-06-30 17:05:44,548 - __main__ - INFO - Datos procesados: Producto 2, Calidad: OK
2025-06-30 17:05:47,074 - __main__ - INFO - Datos procesados: Producto 2, Calidad: OK
2025-06-30 17:05:49,593 - __main__ - INFO - Datos procesados: Producto 2, Calidad: NOK
2025-06-30 17:05:52,121 - __main__ - INFO - Datos procesados: Producto 2, Calidad: OK
2025-06-30 17:05:54,646 - __main__ - INFO - Datos procesados: Producto 2, Calidad: NOK
2025-06-30 17:05:57,186 - __main__ - INFO - Datos procesados: Producto 2, Calidad: OK
2025-06-30 17:05:59,708 - __main__ - INFO - Datos procesados: Producto 2, Calidad: OK
2025-06-30 17:06:02,229 - __main__ - INFO - Datos procesados: Producto 2, Calidad: OK
2025-06-30 17:06:04,767 - __main__ - INFO - Datos procesados: Producto 2, Calidad: OK
2025-06-30 17:06:07,301 - __main__ - INFO - Datos procesados: Producto 2, Calidad: OK
2025-06-30 17:06:09,835 - __main__ - INFO - Datos procesados: Producto 2, Calidad: OK
2025-06-30 17:06:12,372 - __main__ - INFO - Datos procesados: Producto 2, Calidad: NOK
2025-06-30 17:06:14,899 - __main__ - INFO - Datos procesados: Producto 2, Calidad: OK
2025-06-30 17:06:17,416 - __main__ - INFO - Datos procesados: Producto 2, Calidad: OK
2025-06-30 17:06:19,950 - __main__ - INFO - Datos procesados: Producto 2, Calidad: OK
2025-06-30 17:06:22,471 - __main__ - INFO - Datos procesados: Producto 2, Calidad: OK
2025-06-30 17:06:25,000 - __main__ - INFO - Datos procesados: Producto 2, Calidad: OK
2025-06-30 17:06:27,532 - __main__ - INFO - Datos procesados: Producto 2, Calidad: OK
2025-06-30 17:06:30,050 - __main__ - INFO - Datos procesados: Producto 2, Calidad: OK
2025-06-30 17:06:32,572 - __main__ - INFO - Datos procesados: Producto 2, Calidad: OK
2025-06-30 17:06:33,749 - __main__ - INFO - Conexión WebSocket cerrada. Total conectados: 0
2025-06-30 17:06:33,750 - __main__ - INFO - Cliente WebSocket desconectado
2025-06-30 17:06:33,851 - __main__ - INFO - Cerrando servicios del sistema de producción
2025-06-30 17:06:34,582 - pymodbus.logging - INFO - Server graceful shutdown.
2025-06-30 17:06:34,584 - __main__ - INFO - Cerrando sistema...
